admlocal@devOps:~/leantime_ansible$ nano tasks/tasks.yml
BBB[ Novo ficheiro ]BB  GNU nano 4.8                       tasks/tasks.yml                                   BB^GB AjudaB^OB Gravar     B^WB Procurar   B^KB Cortar txt B^JB Justificar B^CB Pos cursorB^XB SairB^RB Carregar   B^\B Substituir B^UB Colar txt  B^TB Ortografia B^_B Ir p/ linhaBBModificadoB---   - name: Atualiza acache (equivalente a apt update no ubuntu))))))))))))     apt:       udap   pdate_cache: true       cache-valid      _valid_time: 3600       BM-DB Formato DOS      BM-AB Anexar           BM-BB SegurançaBCB Cancelar          BM-MB Formato Mac      BM-PB Prepor           B^TB P/ ficheirosBNome do ficheiro onde escrever: tasks/tasks.yml                                        B B[ A escrever... ]BB          BB[ 6 linhas escritas ]BB^OB Gravar     B^WB Procurar   B^KB Cortar txt B^JB Justificar B^CB Pos cursorBXB Sair       B^RB Carregar   B^\B Substituir B^UB Colar txt  B^TB Ortografia B^_B Ir p/ linhaadmlocal@devOps:~/leantime_ansible$ molecule lint
INFO     default scenario test matrix: dependency, lint
INFO     Performing prerun...
INFO     Using .cache/roles/nunomourinho.leantime_ansible symlink to current repository in order to enable Ansible to find the role using its expected full name.
INFO     Added ANSIBLE_ROLES_PATH=~/.ansible/roles:/usr/share/ansible/roles:/etc/ansible/roles:./.cache/roles
INFO     Running default > dependency
WARNING  Skipping, missing the requirements file.
WARNING  Skipping, missing the requirements file.
INFO     Running default > lint
COMMAND: set -e
yamllint .
ansible-lint

./tasks/tasks.yml
  6:1       error    too many blank lines (1 > 0)  (empty-lines)

CRITICAL Lint failed with error code 1
admlocal@devOps:~/leantime_ansible$ molecule lintnano tasks/tasks.yml
BBB[ A ler... ]BB[ 6 linhas lidas ]BB  GNU nano 4.8                       tasks/tasks.yml                                   BB^GB AjudaB^OB Gravar     B^WB Procurar   B^KB Cortar txt B^JB Justificar B^CB Pos cursorB^XB SairB^RB Carregar   B^\B Substituir B^UB Colar txt  B^TB Ortografia B^_B Ir p/ linhaB---- name: Atualiza a cache (equivalente a apt update)apt:update_cache: truecache_valid_time: 3600BModificadoB       BM-DB Formato DOS      BM-AB Anexar           BM-BB SegurançaBCB Cancelar          BM-MB Formato Mac      BM-PB Prepor           B^TB P/ ficheirosBNome do ficheiro onde escrever: tasks/tasks.yml                                        B B[ A escrever... ]BB          BB[ 5 linhas escritas ]BB^OB Gravar     B^WB Procurar   B^KB Cortar txt B^JB Justificar B^CB Pos cursorBXB Sair       B^RB Carregar   B^\B Substituir B^UB Colar txt  B^TB Ortografia B^_B Ir p/ linhaadmlocal@devOps:~/leantime_ansible$ nano tasks/tasks.ymlmolecule lint
INFO     default scenario test matrix: dependency, lint
INFO     Performing prerun...
INFO     Using .cache/roles/nunomourinho.leantime_ansible symlink to current repository in order to enable Ansible to find the role using its expected full name.
INFO     Added ANSIBLE_ROLES_PATH=~/.ansible/roles:/usr/share/ansible/roles:/etc/ansible/roles:./.cache/roles
INFO     Running default > dependency
WARNING  Skipping, missing the requirements file.
WARNING  Skipping, missing the requirements file.
INFO     Running default > lint
COMMAND: set -e
yamllint .
ansible-lint

Loading custom .yamllint config file, this extends our internal yamllint config.
admlocal@devOps:~/leantime_ansible$ nano tasks/main.yml 
BBB[ A ler... ]BB[ 2 linhas lidas ]BB  GNU nano 4.8                       tasks/main.yml                                    BB^GB AjudaB^OB Gravar     B^WB Procurar   B^KB Cortar txt B^JB Justificar B^CB Pos cursorB^XB SairB^RB Carregar   B^\B Substituir B^UB Colar txt  B^TB Ortografia B^_B Ir p/ linhaB---# tasks file for leantime_ansibleBBModificadoB- { include: tasks.yml, become: yes }       BM-DB Formato DOS      BM-AB Anexar           BM-BB SegurançaBCB Cancelar          BM-MB Formato Mac      BM-PB Prepor           B^TB P/ ficheirosBNome do ficheiro onde escrever: tasks/main.yml                                         B B[ A escrever... ]BB          BB[ 2 linhas escritas ]BB^OB Gravar     B^WB Procurar   B^KB Cortar txt B^JB Justificar B^CB Pos cursorBXB Sair       B^RB Carregar   B^\B Substituir B^UB Colar txt  B^TB Ortografia B^_B Ir p/ linhaadmlocal@devOps:~/leantime_ansible$ nano tasks/main.yml molecule lint
INFO     default scenario test matrix: dependency, lint
INFO     Performing prerun...
INFO     Using .cache/roles/nunomourinho.leantime_ansible symlink to current repository in order to enable Ansible to find the role using its expected full name.
INFO     Added ANSIBLE_ROLES_PATH=~/.ansible/roles:/usr/share/ansible/roles:/etc/ansible/roles:./.cache/roles
INFO     Running default > dependency
WARNING  Skipping, missing the requirements file.
WARNING  Skipping, missing the requirements file.
INFO     Running default > lint
COMMAND: set -e
yamllint .
ansible-lint

Loading custom .yamllint config file, this extends our internal yamllint config.
admlocal@devOps:~/leantime_ansible$ molecule converge
INFO     default scenario test matrix: dependency, create, prepare, converge
INFO     Performing prerun...
INFO     Using .cache/roles/nunomourinho.leantime_ansible symlink to current repository in order to enable Ansible to find the role using its expected full name.
INFO     Added ANSIBLE_ROLES_PATH=~/.ansible/roles:/usr/share/ansible/roles:/etc/ansible/roles:./.cache/roles
INFO     Running default > dependency
WARNING  Skipping, missing the requirements file.
WARNING  Skipping, missing the requirements file.
INFO     Running default > create
WARNING  Skipping, instances already created.
INFO     Running default > prepare
WARNING  Skipping, instances already prepared.
INFO     Running default > converge

PLAY [Converge] ***********************************************************************

TASK [Gathering Facts] ****************************************************************
ok: [ubuntu-20.04]

TASK [Include leantime_ansible] *******************************************************

TASK [leantime_ansible : Atualiza a cache (equivalente a apt update)] *****************
ok: [ubuntu-20.04]

PLAY RECAP ****************************************************************************
ubuntu-20.04               : ok=2    changed=0    unreachable=0    failed=0    skipped=0    rescued=0    ignored=0

admlocal@devOps:~/leantime_ansible$ molecule convergeverify
INFO     default scenario test matrix: verify
INFO     Performing prerun...
INFO     Using .cache/roles/nunomourinho.leantime_ansible symlink to current repository in order to enable Ansible to find the role using its expected full name.
INFO     Added ANSIBLE_ROLES_PATH=~/.ansible/roles:/usr/share/ansible/roles:/etc/ansible/roles:./.cache/roles
INFO     Running default > verify
INFO     Running Ansible Verifier

PLAY [Infraestrutura conduzida por testes] ********************************************

TASK [Simulação: Atualizar a cache do sistema] ****************************************
changed: [ubuntu-20.04]

TASK [teste: a cache encontra-se actualizada?] ****************************************
fatal: [ubuntu-20.04]: FAILED! => {
    "assertion": "not estado.changed",
    "changed": false,
    "evaluated_to": false,
    "msg": "ERRO: Existem actualizações pendentes"
}

PLAY RECAP ****************************************************************************
ubuntu-20.04               : ok=1    changed=1    unreachable=0    failed=1    skipped=0    rescued=0    ignored=0


CRITICAL Ansible return code was 2, command was: ansible-playbook --inventory /home/admlocal/.cache/molecule/leantime_ansible/default/inventory --skip-tags molecule-notest,notest /home/admlocal/leantime_ansible/molecule/default/verify.yml
admlocal@devOps:~/leantime_ansible$ molecule verify
INFO     default scenario test matrix: verify
INFO     Performing prerun...
INFO     Using .cache/roles/nunomourinho.leantime_ansible symlink to current repository in order to enable Ansible to find the role using its expected full name.
INFO     Added ANSIBLE_ROLES_PATH=~/.ansible/roles:/usr/share/ansible/roles:/etc/ansible/roles:./.cache/roles
INFO     Running default > verify
INFO     Running Ansible Verifier

PLAY [Infraestrutura conduzida por testes] ********************************************

TASK [Simulação: Atualizar a cache do sistema] ****************************************
changed: [ubuntu-20.04]

TASK [teste: a cache encontra-se actualizada?] ****************************************
fatal: [ubuntu-20.04]: FAILED! => {
    "assertion": "not estado.changed",
    "changed": false,
    "evaluated_to": false,
    "msg": "ERRO: Existem actualizações pendentes"
}

PLAY RECAP ****************************************************************************
ubuntu-20.04               : ok=1    changed=1    unreachable=0    failed=1    skipped=0    rescued=0    ignored=0


CRITICAL Ansible return code was 2, command was: ansible-playbook --inventory /home/admlocal/.cache/molecule/leantime_ansible/default/inventory --skip-tags molecule-notest,notest /home/admlocal/leantime_ansible/molecule/default/verify.yml
admlocal@devOps:~/leantime_ansible$ nano molecule/default/verify.yml 
BBB[ A ler... ]BB[ 22 linhas lidas ]BB  GNU nano 4.8                 molecule/default/verify.yml                             BB^GB AjudaB^OB Gravar     B^WB Procurar   B^KB Cortar txt B^JB Justificar B^CB Pos cursorB^XB SairB^RB Carregar   B^\B Substituir B^UB Colar txt  B^TB Ortografia B^_B Ir p/ linhaB---# Tutorial de inspiração para a infraestrutura conduzida por teste no site# https://www.adictosaltrabajo.com/2020/05/08/ansible-testing-using-molecule-with-ansiB>B- name: "Infraestrutura conduzida por testes"hosts: allgather_facts: falsebecome: truetasks:- name: "Simulação: Atualizar a cache do sistema"apt:update_cache: truecheck_mode: trueregister: estado- name: "teste: a cache encontra-se actualizada?"assert:that:- not estado.changedsuccess_msg: "SUCESSO: A cache está atualizada"fail_msg: "ERRO: Existem actualizações pendentes"BModificadoB      cache_a valid_time: 3600       BM-DB Formato DOS      BM-AB Anexar           BM-BB SegurançaBCB Cancelar          BM-MB Formato Mac      BM-PB Prepor           B^TB P/ ficheirosBNome do ficheiro onde escrever: molecule/default/verify.yml                            B B[ A escrever... ]BB          BB[ 23 linhas escritas ]BB^OB Gravar     B^WB Procurar   B^KB Cortar txt B^JB Justificar B^CB Pos cursorBXB Sair       B^RB Carregar   B^\B Substituir B^UB Colar txt  B^TB Ortografia B^_B Ir p/ linhaadmlocal@devOps:~/leantime_ansible$ nano molecule/default/verify.yml molecule verifyconvergeverify
INFO     default scenario test matrix: verify
INFO     Performing prerun...
INFO     Using .cache/roles/nunomourinho.leantime_ansible symlink to current repository in order to enable Ansible to find the role using its expected full name.
INFO     Added ANSIBLE_ROLES_PATH=~/.ansible/roles:/usr/share/ansible/roles:/etc/ansible/roles:./.cache/roles
INFO     Running default > verify
INFO     Running Ansible Verifier

PLAY [Infraestrutura conduzida por testes] ********************************************

TASK [Simulação: Atualizar a cache do sistema] ****************************************
ok: [ubuntu-20.04]

TASK [teste: a cache encontra-se actualizada?] ****************************************
ok: [ubuntu-20.04] => {
    "changed": false,
    "msg": "SUCESSO: A cache está atualizada"
}

PLAY RECAP ****************************************************************************
ubuntu-20.04               : ok=2    changed=0    unreachable=0    failed=0    skipped=0    rescued=0    ignored=0

INFO     Verifier completed successfully.
admlocal@devOps:~/leantime_ansible$ exit
