admlocal@devOps:~/leantime_ansible$ nano moleecule/default/verify.yml 
BBB[ A ler... ]BB[ 44 linhas lidas ]BB  GNU nano 4.8                         molecule/default/verify.yml                                      BB^GB AjudaB^OB Gravar     B^WB Procurar   B^KB Cortar txt B^JB Justificar B^CB Pos cursor BM-UB DesfazerB^XB SairB^RB Carregar   B^\B Substituir B^UB Colar txt  B^TB Ortografia B^_B Ir p/ linhaBM-EB RefazerB---# Tutorial de inspiração para a infraestrutura conduzida por teste no site# https://www.adictosaltrabajo.com/2020/05/08/ansible-testing-using-molecule-with-ansible-as-verifier/B- name: "Infraestrutura conduzida por testes"hosts: allgather_facts: falsebecome: truetasks:- name: "Simulação: Atualizar a cache do sistema"apt:update_cache: truecache_valid_time: 3600check_mode: trueregister: estado- name: "teste: a cache encontra-se actualizada?"assert:that:- not estado.changedsuccess_msg: "SUCESSO: A cache está atualizada"fail_msg: "ERRO: Existem actualizações pendentes"- name: "Atualizar o sistema operativo (equivalente a apt upgrade)"apt:upgrade: safecheck_mode: trueregister: estado- name: "teste: o sistema operativo encontra-se atualizado?"assert:that:    assert: that: - not estado.changedsuccess_msg: "SUCESSO: O sistema operativo está atualizado"  fail_msg: "ERRO: Existem actualizações pendentes" - name: "Teste: a cache encontra-se aBModificadoB - name: "Simulação: testa se as depende         as aplicações que são dependencias   do software leantime s e encontram insB<B instaladas" - name: "Simulação: testa se as aplicações que são dependencia do software leantime se encontram instaB>Bes que  que são dependencia do software leantime se encontram instalsão dependencia do software leantime se encontram instalasão dependencia do software leantime se encontram instaladsão dependencia do software leantime se encontram instaladaão dependencia do software leantime se encontram instaladas"    apt:     pkg:      - mc     - screen     - git     - apache2     - mysqç l-server     - php      - php-mysql     - php-ldap     - php-cli     - php-soap     - pjp-json     - pjhp-json- graphviz     - php-xml     - php-gd     - php-zip     - libapache2-mod-php     - php-dev
     - libmcrypt-dev
     - gcc
      - make
     - autoconf
     - libc-dev
     - pkg-config
     - pwgen
     - curl
     - unzip
     - php-soap     - php-mbstring
     - expect
     - net-tools
     - python3-mysqldb
     - python3-apt
     - python3-pycurl
     - zip
  check_mode: true
   register: estadoassert: that: - not estado.changed success_msg: "SUCESSO: A cache está atualizada" fail_msg: "ERRO: Existem actualizações pendentes"  - name: "Atualizar o sistema operativo (equivalente a apt upgrade)"apt: upgrade: safecheck_mode: trueregister: estado  - name: "teste: o sistema operativo encontra-se atualizado?"assert: that: - not estado.changed success_msg: "SUCESSO: O sistema operativo está atualizado" fail_msg: "ERRO: Existem actualizações pendentes" - name: "Teste: a cache encontra-se atualizada?"assert: that: - not estado.changed success_msg: "SUCESSO: A cache está atualizada" fail_msg: "ERRO: Existem atualizações pendentes" - name: "Simulação: testa se as aplicações dependencia do software leantime se encontram instaladas"apt:pkg:mcscreen   - git   - apache2 
- mysql-server 
- php 
- php-mysql 
- php-ldap 
- php-cli 
- php-soap 
- php-json 
- graphviz 
- php-xml 
- php-gd 
- php-zip 
- libapache2-mod-php 
- php-dev 
- libmcrypt-dev 
- gcc 
- make 
- autoconf 
- libc-dev 
- pkg-config 
- pwgen 
- curl 
- unzip 
- zip 
- php-mbstring 
- expect 
- net-tools 
- python3-mysqldb 
- python3-apt 
- python3-pycurl 
check_mode: true 
register: estado 
  that: - not estado.changed success_msg: "SUCESSO: A cache está atualizada" fail_msg: "ERRO: Existem actualizações pendentes"  - name: "Atualizar o sistema operativo (equivalente a apt upgrade)"apt: upgrade: safecheck_mode: trueregister: estado  - name: "teste: o sistema operativo encontra-se atualizado?"assert: that: - not estado.changed success_msg: "SUCESSO: O sistema operativo está atualizado" fail_msg: "ERRO: Existem actualizações pendentes" - name: "Teste: a cache encontra-se atualizada?"assert: that: - not estado.changed success_msg: "SUCESSO: A cache está atualizada" fail_msg: "ERRO: Existem atualizações pendentes" - name: "Simulação: testa se as aplicações dependencia do software leantime se encontram instaladas"apt:pkg:mcscreen   - git   - apache2- mysql-server 
- php 
- php-mysql 
- php-ldap 
- php-cli 
- php-soap 
- php-json 
- graphviz 
- php-xml 
- php-gd 
- php-zip 
- libapache2-mod-php 
- php-dev 
- libmcrypt-dev     - php-dev- libmcrypt-dev- gcc- make- autoconf     - libc-dev - pkg-config- pwgen- curl- unzip- zip- php-mbstring     - expect  - net-tools- python3-mysqldbpython3-aptpython3-pycurlcheck_mode: trueregister: estado   that: - not estado.changed success_msg: "SUCESSO: O sistema operativo está atualizado" fail_msg: "ERRO: Existem actualizações pendentes" - name: "Teste: a cache encontra-se atualizada?"assert: that: - not estado.changed success_msg: "SUCESSO: A cache está atualizada" fail_msg: "ERRO: Existem atualizações pendentes" - name: "Simulação: testa se as aplicações dependencia do software leantime se encontram instaladas"apt:pkg:mcscreen   - git   - apache2- mysql-server- php- php-mysql- php-ldap- php-cli- php-soap- php-json- graphviz- php-xml- php-gd- php-zip- libapache2-mod-php- php-dev- libmcrypt-dev     - php-dev- libmcrypt-dev- gcc- make- autoconf     - libc-dev - pkg-config- pwgen- curl- unzip- zip- php-mbstring     - expect  - net-tools- python3-mysqldbpython3-aptpython3-pycurlcheck_mode: trueregister: estado   check_mode: true      register: estado               BM-DB Formato DOS           BM-AB AnexarBM-BB SegurançaBCB CancelarBM-MB Formato Mac           BM-PB PreporB^TB P/ ficheirosBNome do ficheiro onde escrever: molecule/default/verify.yml                                             B B[ A escrever... ]BB          BB[ 82 linhas escritas ]BB^OB Gravar     B^WB Procurar   B^KB Cortar txt B^JB Justificar B^CB Pos cursor BM-UB DesfazerBXB Sair       B^RB Carregar   B^\B Substituir B^UB Colar txt  B^TB Ortografia B^_B Ir p/ linhaBM-EB Refazer that: - not estado.changed success_msg: "SUCESSO: O sistema operativo está atualizado" fail_msg: "ERRO: Existem actualizações pendentes" - name: "Teste: a cache encontra-se atualizada?"assert: that: - not estado.changed success_msg: "SUCESSO: A cache está atualizada" fail_msg: "ERRO: Existem atualizações pendentes" - name: "Simulação: testa se as aplicações dependencia do software leantime se encontram instaladas"apt:pkg:mcscreen  - git  - apache2- mysql-server- php- php-mysql- php-ldap- php-cli- php-soap- php-json- graphviz- php-xml- php-gd- php-zip- libapache2-mod-php- php-dev- libmcrypt-dev   BModificadoB
- gcc
- make
- autoconf
- libc-dev
- pkg-config
- pwgen- name: "Teste: a cache encontra-se atualizada?"assert:that:- not estado.changedsuccess_msg: "SUCESSO: A cache está atualizada"fail_msg: "ERRO: Existem atualizações pendentes"- php-dev- libmcrypt-dev- gcc- make- autoconf     - libc-dev - pkg-config- pwgen- curl- unzip- zip- php-mbstring     - expect  - net-tools- python3-mysqldbpython3-aptpython3-pycurlcheck_mode: trueregister: estado - name: "Teste: a cache encontra-se atualizada?"assert:that:- not estado.changedsuccess_msg: "SUCESSO: A cache está atualizada"fail_msg: "ERRO: Existem atualizações pendentes"?"?"?"?"?"?"?"?"?"?"?"?"?"?"?"?"?"?"?"?"?"?"?"?"?"?"?"?"?"s?" ?"d?"e?"p?"e?"n?"d?"e?"n?"c?"i?"a?"s?" ?"e?"n?"c?"o?"n?"t?"r?"a?"-?"s?"e?" ?"i?"n?"s?"t?"a?"l?"a?"d?"a?"s?"""""""""""""""""""""""s" "d"e"p"e"n"d"e"n"c"i"a"s" "e"s"t"a"v"a"m" "i"n"s"t"a"l"a"d"a"s"""""""""""""""""""""""""""""""F"a"l"t"a"m" "i"n"s"t"a"l"a"r" "a"l"g"u"m"a"s" "d"e"p"e"n"d"e"n"c"i"a"s"." "O" "s"o"f"t"w"a"r"e" "p"o"d"e" "e"s"t"a"r" "p"a"r"c"i"a"l"m"e"n"t"e" "i"n"s"t"a"B<Bnstal"a"d"o" fail_msg: "ERRO: Faltam instalar algumas dependencias. O software pode estar parcialmente instalaB>B            BM-DB Formato DOS           BM-AB AnexarBM-BB SegurançaBCB CancelarBM-MB Formato Mac           BM-PB PreporB^TB P/ ficheirosBNome do ficheiro onde escrever: molecule/default/verify.yml                                             B B[ A escrever... ]BB          BB[ 89 linhas escritas ]BB^OB Gravar     B^WB Procurar   B^KB Cortar txt B^JB Justificar B^CB Pos cursor BM-UB DesfazerBXB Sair       B^RB Carregar   B^\B Substituir B^UB Colar txt  B^TB Ortografia B^_B Ir p/ linhaBM-EB Refazeradmlocal@devOps:~/leantime_ansible$ ansible-lint molecule/default/verify.yml 
Loading custom .yamllint config file, this extends our internal yamllint config.
WARNING  Listing 1 violation(s) that are fatal
syntax-check: Ansible syntax check failed
molecule/default/verify.yml:0 [WARNING]: provided hosts list is empty, only localhost is available. Note that
the implicit localhost does not match 'all'
ERROR! Syntax Error while loading YAML.
  did not find expected '-' indicator

The error appears to be in '/home/admlocal/leantime_ansible/molecule/default/verify.yml': line 38, column 2, but may
be elsewhere in the file depending on the exact syntax problem.

The offending line appears to be:


 - name: "Teste: a cache encontra-se atualizada?"
 ^ here
This one looks easy to fix. It seems that there is a value started
with a quote, and the YAML parser is expecting to see the line ended
with the same kind of quote. For instance:

    when: "ok" in result.stdout

Could be written as:

   when: '"ok" in result.stdout'

Or equivalently:

   when: "'ok' in result.stdout"


You can skip specific rules or tags by adding them to your configuration file:
# .ansible-lint
warn_list:  # or 'skip_list' to silence them completely
  - syntax-check  # Ansible syntax check failed
Finished with 1 failure(s), 0 warning(s) on 1 files.
admlocal@devOps:~/leantime_ansible$ molecule verify
INFO     default scenario test matrix: verify
INFO     Performing prerun...
INFO     Using .cache/roles/nunomourinho.leantime_ansible symlink to current repository in order to enable Ansible to find the role using its expected full name.
INFO     Added ANSIBLE_ROLES_PATH=~/.ansible/roles:/usr/share/ansible/roles:/etc/ansible/roles:./.cache/roles
INFO     Running default > verify
INFO     Running Ansible Verifier
ERROR! Syntax Error while loading YAML.
  did not find expected '-' indicator

The error appears to be in '/home/admlocal/leantime_ansible/molecule/default/verify.yml': line 38, column 2, but may
be elsewhere in the file depending on the exact syntax problem.

The offending line appears to be:


 - name: "Teste: a cache encontra-se atualizada?"
 ^ here
This one looks easy to fix. It seems that there is a value started
with a quote, and the YAML parser is expecting to see the line ended
with the same kind of quote. For instance:

    when: "ok" in result.stdout

Could be written as:

   when: '"ok" in result.stdout'

Or equivalently:

   when: "'ok' in result.stdout"

CRITICAL Ansible return code was 4, command was: ansible-playbook --inventory /home/admlocal/.cache/molecule/leantime_ansible/default/inventory --skip-tags molecule-notest,notest /home/admlocal/leantime_ansible/molecule/default/verify.yml
admlocal@devOps:~/leantime_ansible$ molecule verifyansible-lint molecule/default/verify.yml nano
BBB[ A ler... ]BB[ 89 linhas lidas ]BB  GNU nano 4.8                         molecule/default/verify.yml                                      BB^GB AjudaB^OB Gravar     B^WB Procurar   B^KB Cortar txt B^JB Justificar B^CB Pos cursor BM-UB DesfazerB^XB SairB^RB Carregar   B^\B Substituir B^UB Colar txt  B^TB Ortografia B^_B Ir p/ linhaBM-EB RefazerB---# Tutorial de inspiração para a infraestrutura conduzida por teste no site# https://www.adictosaltrabajo.com/2020/05/08/ansible-testing-using-molecule-with-ansible-as-verifier/B- name: "Infraestrutura conduzida por testes"hosts: allgather_facts: falsebecome: truetasks:- name: "Simulação: Atualizar a cache do sistema"apt:update_cache: truecache_valid_time: 3600check_mode: trueregister: estado- name: "teste: a cache encontra-se actualizada?"assert:that:- not estado.changedsuccess_msg: "SUCESSO: A cache está atualizada"fail_msg: "ERRO: Existem actualizações pendentes"- name: "Atualizar o sistema operativo (equivalente a apt upgrade)"apt:upgrade: safecheck_mode: trueregister: estado- name: "teste: o sistema operativo encontra-se atualizado?"assert:that:            B^WB In. parágB^YB Prim.linha             B^TB Ir para txtBCB CancelarB^OB Fim parágB^VB Últ. linhaBInsira nº da linha, nº da coluna:                                                                       BB3BB8BB,BB2BB^OB Gravar     B^WB Procurar   B^KB Cortar txt B^JB Justificar B^CB Pos cursor BM-UB DesfazerBXB Sair       B^RB Carregar   B^\B Substituir B^UB Colar txt  B^TB Ortografia B^_B Ir p/ linhaBM-EB Refazer success_msg: "SUCESSO: A cache está atualizada" fail_msg: "ERRO: Existem actualizações pendentes"  - name: "Atualizar o sistema operativo (equivalente a apt upgrade)"    apt:    upgrade: safe  check_mode: true  register: estado- name: "teste: o sistema operativo encontra-se atualizado?"  assert:  that:- not estado.changedsuccess_msg: "SUCESSO: O sistema operativo está atualizado"  fail_msg: "ERRO: Existem actualizações pendentes" - name: "Teste: a cache encontra-se atualizada?"  assert:  tha- not estado.changedsuccess_msg: "SUCESSO: A cache está atualizada"fail_msg: "ERRO: Existem atualizações pendentes" - name: "Simulação: testa se as aplicações dependencia do software leantime se encontram instaladas" apt: pkg:- mc - screen - git- apache2   - mysql-server - php- php-mysql     -BModificadoB  - name: "Teste: a cache encontra-se atualizada?"             BM-DB Formato DOS           BM-AB AnexarBM-BB SegurançaBCB CancelarBM-MB Formato Mac           BM-PB PreporB^TB P/ ficheirosBNome do ficheiro onde escrever: molecule/default/verify.yml                                             B B[ A escrever... ]BB          BB[ 89 linhas escritas ]BB^OB Gravar     B^WB Procurar   B^KB Cortar txt B^JB Justificar B^CB Pos cursor BM-UB DesfazerBXB Sair       B^RB Carregar   B^\B Substituir B^UB Colar txt  B^TB Ortografia B^_B Ir p/ linhaBM-EB Refazer admlocal@devOps:~/leantime_ansible$ nano molecule/default/verify.yml molecule verifyansible-lint molecule/default/verify.yml 
Loading custom .yamllint config file, this extends our internal yamllint config.
WARNING  Listing 1 violation(s) that are fatal
syntax-check: Ansible syntax check failed
molecule/default/verify.yml:0 [WARNING]: provided hosts list is empty, only localhost is available. Note that
the implicit localhost does not match 'all'
ERROR! Syntax Error while loading YAML.
  did not find expected '-' indicator

The error appears to be in '/home/admlocal/leantime_ansible/molecule/default/verify.yml': line 45, column 2, but may
be elsewhere in the file depending on the exact syntax problem.

The offending line appears to be:


 - name: "Simulação: testa se as aplicações dependencia do software leantime se encontram instaladas"
 ^ here
This one looks easy to fix. It seems that there is a value started
with a quote, and the YAML parser is expecting to see the line ended
with the same kind of quote. For instance:

    when: "ok" in result.stdout

Could be written as:

   when: '"ok" in result.stdout'

Or equivalently:

   when: "'ok' in result.stdout"


You can skip specific rules or tags by adding them to your configuration file:
# .ansible-lint
warn_list:  # or 'skip_list' to silence them completely
  - syntax-check  # Ansible syntax check failed
Finished with 1 failure(s), 0 warning(s) on 1 files.
admlocal@devOps:~/leantime_ansible$ ansible-lint molecule/default/verify.yml nanomolecule verify
INFO     default scenario test matrix: verify
INFO     Performing prerun...
INFO     Using .cache/roles/nunomourinho.leantime_ansible symlink to current repository in order to enable Ansible to find the role using its expected full name.
INFO     Added ANSIBLE_ROLES_PATH=~/.ansible/roles:/usr/share/ansible/roles:/etc/ansible/roles:./.cache/roles
INFO     Running default > verify
INFO     Running Ansible Verifier
ERROR! Syntax Error while loading YAML.
  did not find expected '-' indicator

The error appears to be in '/home/admlocal/leantime_ansible/molecule/default/verify.yml': line 45, column 2, but may
be elsewhere in the file depending on the exact syntax problem.

The offending line appears to be:


 - name: "Simulação: testa se as aplicações dependencia do software leantime se encontram instaladas"
 ^ here
This one looks easy to fix. It seems that there is a value started
with a quote, and the YAML parser is expecting to see the line ended
with the same kind of quote. For instance:

    when: "ok" in result.stdout

Could be written as:

   when: '"ok" in result.stdout'

Or equivalently:

   when: "'ok' in result.stdout"

CRITICAL Ansible return code was 4, command was: ansible-playbook --inventory /home/admlocal/.cache/molecule/leantime_ansible/default/inventory --skip-tags molecule-notest,notest /home/admlocal/leantime_ansible/molecule/default/verify.yml
admlocal@devOps:~/leantime_ansible$ molecule verifyansible-lint molecule/default/verify.yml nano
BBB[ A ler... ]BB[ 89 linhas lidas ]BB  GNU nano 4.8                         molecule/default/verify.yml                                      BB^GB AjudaB^OB Gravar     B^WB Procurar   B^KB Cortar txt B^JB Justificar B^CB Pos cursor BM-UB DesfazerB^XB SairB^RB Carregar   B^\B Substituir B^UB Colar txt  B^TB Ortografia B^_B Ir p/ linhaBM-EB RefazerB---# Tutorial de inspiração para a infraestrutura conduzida por teste no site# https://www.adictosaltrabajo.com/2020/05/08/ansible-testing-using-molecule-with-ansible-as-verifier/B- name: "Infraestrutura conduzida por testes"hosts: allgather_facts: falsebecome: truetasks:- name: "Simulação: Atualizar a cache do sistema"apt:update_cache: truecache_valid_time: 3600check_mode: trueregister: estado- name: "teste: a cache encontra-se actualizada?"assert:that:- not estado.changedsuccess_msg: "SUCESSO: A cache está atualizada"fail_msg: "ERRO: Existem actualizações pendentes"- name: "Atualizar o sistema operativo (equivalente a apt upgrade)"apt:upgrade: safecheck_mode: trueregister: estado- name: "teste: o sistema operativo encontra-se atualizado?"assert:that:            B^WB In. parágB^YB Prim.linha             B^TB Ir para txtBCB CancelarB^OB Fim parágB^VB Últ. linhaBInsira nº da linha, nº da coluna:                                                                       BB4BB5BB,BB2BB^OB Gravar     B^WB Procurar   B^KB Cortar txt B^JB Justificar B^CB Pos cursor BM-UB DesfazerBXB Sair       B^RB Carregar   B^\B Substituir B^UB Colar txt  B^TB Ortografia B^_B Ir p/ linhaBM-EB Refazerregister: estadoteste: o sistema operativo encontra-se atualizado?"ssert:that:- not estado.changed  success_msg: "SUCESSO: O sistema operativo está atualizado"  fail_msg: "ERRO: Existem actualizações pendentes"T - name: "Simulação: testa se as aplicações dependencia do software leantime se encontram instaladas"pkg:- mc- screen- git- apache2- mysql-server- php- php-mysql- php-ldap - php-cli - php-soap- php-json   - graphviz - php-xml- php-gd BModificadoB  - name: "Simulação: testa se as aplicações dependencia do software leantime se encontram instaladas"      apt:         pkg:      - mc       - screen       - git       - apache2       - mysql-server       - php       - php-mysql       - php-ldap       - php-cli       - php-soap       - php-json       - graphviz       - php-xml       - php-gd 
- php-zip       - php-zip 
- libapache2-mod-php       - libapache2-mod-php 
- php-dev       - php-dev 
- libmcrypt-dev       - libmcrypt-dev 
- gcc       - gcc 
- make       - make 
- autoconf       - autoconf 
- libc-dev       - libc-dev 
- pkg-config       - pkg-config 
- pwgen       - pwgen 
- curl       - curl 
- unzip       - unzip 
- zip       - zip 
- php-mbstring       - php-mbstring 
- expect       - expect 
- net-tools       - net-tools 
- python3-mysqldb       - python3-mysqldb 
- python3-apt       - python3-apt 
- python3-pycurl       - python3-pycurl 
check_mode: true     check_mode: true 
register: estado     register: estado 

- name: "Teste: as dependencias encontra-se instaladas?" 
assert: 
that:   - name: "Teste: as dependencias encontra-se instaladas?"   fail_msg: "ERRO: Existem actualizações pendentes"  - name: "Atualizar o sistema operativo (equivalente a apt upgrade)"apt:upgrade: safecheck_mode: trueregister: estado  - name: "teste: o sistema operativo encontra-se atualizado?"assert:that:not estado.changedsuccess_msg: "SUCESSO: O sistema operativo está atualizado"fail_msg: "ERRO: Existem actualizações pendentes"  - name: "Teste: a cache encontra-se atualizada?"assert:that:not estado.changedsuccess_msg: "SUCESSO: A cache está atualizada"fail_msg: "ERRO: Existem atualizações pendentes"  - name: "Simulação: testa se as aplicações dependencia do software leantime se encontram instaladas"apt:pkg:mcscreen  - git  - apache2- mysql-server    - php  - php-mysql- php-ldap- php-mysql- php-ldap    - php-cli  - php-soap- php-json  - graphviz  - php-xml- php-gd    - php-zip  - libapache2-mod-php- php-devlibmcrypt-dev- gcc- make- autoconf    - libc-dev  - pkg-config- pwgencurl- unzip- zip- php-mbstring    - expect  - net-tools- python3-mysqldbpython3-aptpython3-pycurlcheck_mode: trueregister: estado  - name: "Teste: as dependencias encontra-se instaladas?"assert:that:- not estado.changedsuccess_msg: "SUCESSO: As dependencias estavam instaladas"fail_msg: "ERRO: Faltam instalar algumas dependencias. O software pode estar parcialmente instalaB>B            BM-DB Formato DOS           BM-AB AnexarBM-BB SegurançaBCB CancelarBM-MB Formato Mac           BM-PB PreporB^TB P/ ficheirosBNome do ficheiro onde escrever: molecule/default/verify.yml                                             B B[ A escrever... ]BB          BB[ 89 linhas escritas ]BB^OB Gravar     B^WB Procurar   B^KB Cortar txt B^JB Justificar B^CB Pos cursor BM-UB DesfazerBXB Sair       B^RB Carregar   B^\B Substituir B^UB Colar txt  B^TB Ortografia B^_B Ir p/ linhaBM-EB Refazeradmlocal@devOps:~/leantime_ansible$ nano molecule/default/verify.yml molecule verifyansible-lint molecule/default/verify.yml 
Loading custom .yamllint config file, this extends our internal yamllint config.
admlocal@devOps:~/leantime_ansible$ ansible-lint molecule/default/verify.yml nanomolecule verify
INFO     default scenario test matrix: verify
INFO     Performing prerun...
INFO     Using .cache/roles/nunomourinho.leantime_ansible symlink to current repository in order to enable Ansible to find the role using its expected full name.
INFO     Added ANSIBLE_ROLES_PATH=~/.ansible/roles:/usr/share/ansible/roles:/etc/ansible/roles:./.cache/roles
INFO     Running default > verify
INFO     Running Ansible Verifier

PLAY [Infraestrutura conduzida por testes] *************************************************************

TASK [Simulação: Atualizar a cache do sistema] *********************************************************
changed: [ubuntu-20.04]

TASK [teste: a cache encontra-se actualizada?] *********************************************************
fatal: [ubuntu-20.04]: FAILED! => {
    "assertion": "not estado.changed",
    "changed": false,
    "evaluated_to": false,
    "msg": "ERRO: Existem actualizações pendentes"
}

PLAY RECAP *********************************************************************************************
ubuntu-20.04               : ok=1    changed=1    unreachable=0    failed=1    skipped=0    rescued=0    ignored=0


CRITICAL Ansible return code was 2, command was: ansible-playbook --inventory /home/admlocal/.cache/molecule/leantime_ansible/default/inventory --skip-tags molecule-notest,notest /home/admlocal/leantime_ansible/molecule/default/verify.yml
admlocal@devOps:~/leantime_ansible$ molecule verify
INFO     default scenario test matrix: verify
INFO     Performing prerun...
INFO     Using .cache/roles/nunomourinho.leantime_ansible symlink to current repository in order to enable Ansible to find the role using its expected full name.
INFO     Added ANSIBLE_ROLES_PATH=~/.ansible/roles:/usr/share/ansible/roles:/etc/ansible/roles:./.cache/roles
INFO     Running default > verify
INFO     Running Ansible Verifier

PLAY [Infraestrutura conduzida por testes] *************************************************************

TASK [Simulação: Atualizar a cache do sistema] *********************************************************
ok: [ubuntu-20.04]

TASK [teste: a cache encontra-se actualizada?] *********************************************************
ok: [ubuntu-20.04] => {
    "changed": false,
    "msg": "SUCESSO: A cache está atualizada"
}

TASK [Atualizar o sistema operativo (equivalente a apt upgrade)] ***************************************
changed: [ubuntu-20.04]

TASK [teste: o sistema operativo encontra-se atualizado?] **********************************************
fatal: [ubuntu-20.04]: FAILED! => {
    "assertion": "not estado.changed",
    "changed": false,
    "evaluated_to": false,
    "msg": "ERRO: Existem actualizações pendentes"
}

PLAY RECAP *********************************************************************************************
ubuntu-20.04               : ok=3    changed=1    unreachable=0    failed=1    skipped=0    rescued=0    ignored=0


CRITICAL Ansible return code was 2, command was: ansible-playbook --inventory /home/admlocal/.cache/molecule/leantime_ansible/default/inventory --skip-tags molecule-notest,notest /home/admlocal/leantime_ansible/molecule/default/verify.yml
admlocal@devOps:~/leantime_ansible$ molecule converge
INFO     default scenario test matrix: dependency, create, prepare, converge
INFO     Performing prerun...
INFO     Using .cache/roles/nunomourinho.leantime_ansible symlink to current repository in order to enable Ansible to find the role using its expected full name.
INFO     Added ANSIBLE_ROLES_PATH=~/.ansible/roles:/usr/share/ansible/roles:/etc/ansible/roles:./.cache/roles
INFO     Running default > dependency
WARNING  Skipping, missing the requirements file.
WARNING  Skipping, missing the requirements file.
INFO     Running default > create
WARNING  Skipping, instances already created.
INFO     Running default > prepare
WARNING  Skipping, instances already prepared.
INFO     Running default > converge

PLAY [Converge] ****************************************************************************************

TASK [Gathering Facts] *********************************************************************************
ok: [ubuntu-20.04]

TASK [Include leantime_ansible] ************************************************************************

TASK [leantime_ansible : Atualiza a cache (equivalente a apt update)] **********************************
ok: [ubuntu-20.04]

TASK [leantime_ansible : Atualiza o sistema operativo] *************************************************
changed: [ubuntu-20.04]

PLAY RECAP *********************************************************************************************
ubuntu-20.04               : ok=3    changed=1    unreachable=0    failed=0    skipped=0    rescued=0    ignored=0

admlocal@devOps:~/leantime_ansible$ molecule convergeverify
INFO     default scenario test matrix: verify
INFO     Performing prerun...
INFO     Using .cache/roles/nunomourinho.leantime_ansible symlink to current repository in order to enable Ansible to find the role using its expected full name.
INFO     Added ANSIBLE_ROLES_PATH=~/.ansible/roles:/usr/share/ansible/roles:/etc/ansible/roles:./.cache/roles
INFO     Running default > verify
INFO     Running Ansible Verifier

PLAY [Infraestrutura conduzida por testes] *************************************************************

TASK [Simulação: Atualizar a cache do sistema] *********************************************************
ok: [ubuntu-20.04]

TASK [teste: a cache encontra-se actualizada?] *********************************************************
ok: [ubuntu-20.04] => {
    "changed": false,
    "msg": "SUCESSO: A cache está atualizada"
}

TASK [Atualizar o sistema operativo (equivalente a apt upgrade)] ***************************************
ok: [ubuntu-20.04]

TASK [teste: o sistema operativo encontra-se atualizado?] **********************************************
ok: [ubuntu-20.04] => {
    "changed": false,
    "msg": "SUCESSO: O sistema operativo está atualizado"
}

TASK [Teste: a cache encontra-se atualizada?] **********************************************************
ok: [ubuntu-20.04] => {
    "changed": false,
    "msg": "SUCESSO: A cache está atualizada"
}

TASK [Simulação: testa se as aplicações dependencia do software leantime se encontram instaladas] ******
changed: [ubuntu-20.04]

TASK [Teste: as dependencias encontra-se instaladas?] **************************************************
fatal: [ubuntu-20.04]: FAILED! => {
    "assertion": "not estado.changed",
    "changed": false,
    "evaluated_to": false,
    "msg": "ERRO: Faltam instalar algumas dependencias. O software pode estar parcialmente instalado"
}

PLAY RECAP *********************************************************************************************
ubuntu-20.04               : ok=6    changed=1    unreachable=0    failed=1    skipped=0    rescued=0    ignored=0


CRITICAL Ansible return code was 2, command was: ansible-playbook --inventory /home/admlocal/.cache/molecule/leantime_ansible/default/inventory --skip-tags molecule-notest,notest /home/admlocal/leantime_ansible/molecule/default/verify.yml
admlocal@devOps:~/leantime_ansible$ exit
exit
