admlocal@devOps:~/leantime_ansible$ exitnano molecule/default/verify.yml 
BBB[ A ler... ]BB[ 108 linhas lidas ]BB  GNU nano 4.8                                          molecule/default/verify.yml                                                       BB^GB AjudaB^OB GravarB^WB ProcurarB^KB Cortar txt    B^JB Justificar    B^CB Pos cursor    BM-UB Desfazer     BM-AB Marcar txtB^XB SairB^RB CarregarB^\B Substituir    B^UB Colar txt     B^TB Ortografia    B^_B Ir p/ linha   BM-EB RefazerBM-6B Copiar txtB---# Tutorial de inspiração para a infraestrutura conduzida por teste no site# https://www.adictosaltrabajo.com/2020/05/08/ansible-testing-using-molecule-with-ansible-as-verifier/B- name: "Infraestrutura conduzida por testes"hosts: allgather_facts: falsebecome: truetasks:- name: "Simulação: Atualizar a cache do sistema"apt:update_cache: truecache_valid_time: 3600check_mode: trueregister: estado- name: "teste: a cache encontra-se actualizada?"assert:that:- not estado.changedsuccess_msg: "SUCESSO: A cache está atualizada"fail_msg: "ERRO: Existem actualizações pendentes"- name: "Atualizar o sistema operativo (equivalente a apt upgrade)"apt:upgrade: safecheck_mode: trueregister: estado- name: "teste: o sistema operativo encontra-se atualizado?"assert:that:- not estado.changedsuccess_msg: "SUCESSO: O sistema operativo está atualizado" - not estado.changed success_msg: "SUCESSO: O sistema operativo está atualizado" fail_msg: "ERRO: Existem actualizações pendentes"  - name: "Teste: a cache encontra-se atualizada?"  assert:    that:    - not estado.changedsuccess_msg: "SUCESSO: A cache está atualizada"    fail_msg: "ERRO: Existem atualizações pendentes"  - name: "Simulação: testa se as aplicações dependencia do software leantime se encontram instaladas"apt:pkg:  - mc  - screen- git    - apache2  - mysql-server- phpphp-mysql- php-ldap- php-cli- php-soap    - php-json  - graphviz- php-xml  - php-gd  - php-zip- libapache2-mod-php    - php-dev  - libmcrypt-dev- gccmake- autoconf- make- autoconf- libc-dev- pkg-config- pwgen- curl- unzip- zip- php-mbstring- expect- net-tools- python3-mysqldb- python3-aptpython3-pycurlcheck_mode: trueregister: estados dependencias encontra-se instaladas?"s dependencias estavam instaladas"Faltam instalar algumas dependencias. O software pode estar parcialmente instalado"  # Fonte de inspiração: https://docs.ansible.com/ansible/latest/collections/ansible/builtin/service_module.htmlB- name: "Simulação: Testar se o serviço apache2 se encontra instalado, iniciado e ativo no arranque"service:name: apache2state: startedenabled: truecheck_mode: trueregister: estado  - name: "Teste: O serviço apache2 encontra-se ativo no arranque no sistema, e está iniciado?"assert:O serviço apache2 encontra-se ativo no arranque no sistema, e está iniciado?"O serviço apache2 está correctamente instalado e inicia com o arranque do sistema"O serviço apache2 não se encontra correctaBModificadoB    #B BFBoBnBtBeB:B BhBtBtBpBsB:B/B/BwBwBwB.BmByBdBaBiBlByBtBuBtBoBrBiBaBlBsB.BcBoBmB/BuBsBiBnBgB-BaBnBsBiBbBlBeB-BfBiBnBdB-BmBoBdBuBlBeB-BsBeBaBrBcBhB-BfBiBlBeBsBfBoBlBdBeBrB  - name: "Rotina Auxiliar> Procura o caminho do ficheiro php.ini do servidor apache2"    find:      paths: /etc      patterns: "php.ini"      recurse: true    register: caminho_php_ini    #B BFBoBnBtBeB:B BhBtBtBpBsB:B/B/BdBoBcBsB.BaBnBsBiBbBlBeB.BcBoBmB/BaBnBsBiBbBlBeB/BlBaBtBeBsBtB/BcBoBlBlBeBcBtBiBoBnBsB/BaBnBsBiBbBlBeB/BbBuBiBlBtBiBnB/BlBiBnBeBiBnBfBiBlBeB_BmBoBdBuBlBeB.BhBtBmBlB  - name: "Simulação: Ativa a opção file_uploads no ficheiro php.ini, utilizando o módulo lineinfile."    ansible.builtin.lineinfile:      path: "{{ caminho_php_ini.files[0].path }}"      regexp: "{{ item.regexp  }}"      line: "{{ item.line }}"    with_items:      - regexp: "^file_uploads"        line: "file_uploads = 1"      - regexp: "^upload_max_filesize"        line: "upload_max_filesize = 1G"      - regexp: "^max_file_uploads"        line: "max_file_uploads = 20"      - regexp: "^post_max_size"        line: "post_max_size = 2G"      - regexp: "^memory_limit"        line: "memory_limit = 2G"      - regexp: "^max_input_time"        line: "max_input_time = 3600"    check_mode: true
    register: estado


  - name: "Teste: As linhas do php.ini encontram-se alteradas ?"
    assert:
      that:
      - not estado.changed
      success_msg: "SUCESSO: O ficheiro php.ini foi alterado com sucesso"
      fail_msg: "ERRO: Algumas alterações ao ficheiro php.ini não tiveram sucesso"

         BM-DB Formato DOSBM-AB AnexarBBB SegurançaBCB Cancelar           BM-MB Formato MacBM-PB PreporB^TB P/ ficheirosBNome do ficheiro onde escrever: molecule/default/verify.yml                                                                               B B[ A escrever... ]BB          BB[ 146 linhas escritas ]BB^OB GravarB^WB Procurar      B^KB Cortar txt    B^JB Justificar    B^CB Pos cursorBUB Desfazer     BM-AB Marcar txtBXB Sair    B^RB CarregarB^\B Substituir    B^UB Colar txt     B^TB Ortografia    B^_B Ir p/ linha   BM-EB Refazer      BM-6B Copiar txtadmlocal@devOps:~/leantime_ansible$ ansinano molecule/default/verify.yml ansible/lint-
Loading custom .yamllint config file, this extends our internal yamllint config.
WARNING  Listing 1 violation(s) that are fatal
syntax-check: Ansible syntax check failed
molecule/default/verify.yml:0 [WARNING]: provided hosts list is empty, only localhost is available. Note that
the implicit localhost does not match 'all'
ERROR! Syntax Error while loading YAML.
  found a tab character that violate indentation

The error appears to be in '/home/admlocal/leantime_ansible/molecule/default/verify.yml': line 114, column 1, but may
be elsewhere in the file depending on the exact syntax problem.

The offending line appears to be:

    register: caminho_php_ini

^ here
There appears to be a tab character at the start of the line.

YAML does not use tabs for formatting. Tabs should be replaced with spaces.

For example:
    - name: update tooling
      vars:
        version: 1.2.3
#    ^--- there is a tab there.

Should be written as:
    - name: update tooling
      vars:
        version: 1.2.3
# ^--- all spaces here.


You can skip specific rules or tags by adding them to your configuration file:
# .ansible-lint
warn_list:  # or 'skip_list' to silence them completely
  - syntax-check  # Ansible syntax check failed
Finished with 1 failure(s), 0 warning(s) on 1 files.
admlocal@devOps:~/leantime_ansible$ ansible-lint molecule/default/verify.yml nano
BBB[ A ler... ]BB[ 146 linhas lidas ]BB  GNU nano 4.8                                          molecule/default/verify.yml                                                       BB^GB AjudaB^OB GravarB^WB ProcurarB^KB Cortar txt    B^JB Justificar    B^CB Pos cursor    BM-UB Desfazer     BM-AB Marcar txtB^XB SairB^RB CarregarB^\B Substituir    B^UB Colar txt     B^TB Ortografia    B^_B Ir p/ linha   BM-EB RefazerBM-6B Copiar txtB---# Tutorial de inspiração para a infraestrutura conduzida por teste no site# https://www.adictosaltrabajo.com/2020/05/08/ansible-testing-using-molecule-with-ansible-as-verifier/B- name: "Infraestrutura conduzida por testes"hosts: allgather_facts: falsebecome: truetasks:- name: "Simulação: Atualizar a cache do sistema"apt:update_cache: truecache_valid_time: 3600check_mode: trueregister: estado- name: "teste: a cache encontra-se actualizada?"assert:that:- not estado.changedsuccess_msg: "SUCESSO: A cache está atualizada"fail_msg: "ERRO: Existem actualizações pendentes"- name: "Atualizar o sistema operativo (equivalente a apt upgrade)"apt:upgrade: safecheck_mode: trueregister: estado- name: "teste: o sistema operativo encontra-se atualizado?"assert:that:- not estado.changedsuccess_msg: "SUCESSO: O sistema operativo está atualizado" - not estado.changed success_msg: "SUCESSO: O sistema operativo está atualizado" fail_msg: "ERRO: Existem actualizações pendentes"  - name: "Teste: a cache encontra-se atualizada?"  assert:    that:    - not estado.changedsuccess_msg: "SUCESSO: A cache está atualizada"    fail_msg: "ERRO: Existem atualizações pendentes"  - name: "Simulação: testa se as aplicações dependencia do software leantime se encontram instaladas"apt:pkg:  - mc  - screen- git    - apache2  - mysql-server- phpphp-mysql- php-ldap- php-cli- php-soap    - php-json  - graphviz- php-xml  - php-gd  - php-zip- libapache2-mod-php    - php-dev  - libmcrypt-dev- gccmake- autoconf- make- autoconf- libc-dev- pkg-config- pwgen- curl- unzip- zip- php-mbstring- expect- net-tools- python3-mysqldb- python3-aptpython3-pycurlcheck_mode: trueregister: estados dependencias encontra-se instaladas?"s dependencias estavam instaladas"Faltam instalar algumas dependencias. O software pode estar parcialmente instalado"  # Fonte de inspiração: https://docs.ansible.com/ansible/latest/collections/ansible/builtin/service_module.htmlB- name: "Simulação: Testar se o serviço apache2 se encontra instalado, iniciado e ativo no arranque"service:name: apache2state: startedenabled: truecheck_mode: trueregister: estado  - name: "Teste: O serviço apache2 encontra-se ativo no arranque no sistema, e está iniciado?"assert:  - name: "Teste: O serviço apache2 encontra-se ativo no arranque no sistema, e está iniciado?"assert:that:not estado.changedsuccess_msg: "SUCESSO: O serviço apache2 está correctamente instalado e inicia com o arranque do sistema"fail_msg: "ERRO: O serviço apache2 não se encontra correctamente instalado"  # Fonte: https://www.mydailytutorials.com/using-ansible-find-module-search-filesfolderB- name: "Rotina Auxiliar> Procura o caminho do ficheiro php.ini do servidor apache2"find:paths: /etcpatterns: "php.ini"recurse: trueregister: caminho_php_ini  # Fonte: https://docs.ansible.com/ansible/latest/collections/ansible/builtin/lineinfile_module.htmlB- name: "Simulação: Ativa a opção file_uploads no ficheiro php.ini, utilizando o módulo lineinfile."  ansible.builtin.lineinfile:  path: "{{ caminho_php_ini.files[0].path }}"regexp: "{{ item.regexp  }}"line: "{{ item.line }}"with_items:- regexp: "^file_uploads"line: "file_uploads = 1" - regexp: "^upload_max_filesize" line: "upload_max_filesize = 1G"  - regexp: "^max_file_uploads"  line: "max_file_uploads = 20"- regexp: "^post_max_size"  line: "post_max_size = 2G"  - regexp: "^memory_limit"    line: "memory_limit = 2G"- regexp: "^max_input_time" line: "max_input_time = 3600"check_mode: trueline: "max_input_time = 3600"check_mode: trueregister: estadoAs linhas do php.ini encontram-se alteradas ?"ficheiro php.ini foi alterado com sucesso"Algumas alterações ao ficheiro php.ini não tiveram sucesso"    - regexp: "^max_input_time"line: "memory_limit = 2G"- regexp: "^memory_limit"line: "post_max_size = 2G"- regexp: "^post_max_size"line: "max_file_uploads = 20"- regexp: "^max_file_uploads"line: "upload_max_filesize = 1G"- regexp: "^upload_max_filesize"line: "file_uploads = 1"- regexp: "^file_uploads"with_items:line: "{{ item.line }}"regexp: "{{ item.regexp  }}"path: "{{ caminho_php_ini.files[0].path }}"ansible.builtin.lineinfile:- name: "Simulação: Ativa a opção file_uploads no ficheiro php.ini, utilizando o módulo lineinfile."  # Fonte: https://docs.ansible.com/ansible/latest/collections/ansible/builtin/lineinfile_module.htmlBregister: caminho_php_inirecurse: truepatterns: "php.ini"paths: /etcfind:- name: "Rotina Auxiliar> Procura o caminho do ficheiro php.ini do servidor apache2"  # Fonte: https://www.mydailytutorials.com/using-ansible-find-module-search-filesfolderBfail_msg: "ERRO: O serviço apache2 não se encontra correctamente instalado"success_msg: "SUCESSO: O serviço apache2 está correctamente instalado e inicia com o arranque do sistema"- not estado.changedthat:assert:- name: "Teste: O serviço apache2 encontra-se ativo no arranque no sistema, e está iniciado?"register: estadocheck_mode: trueenabled: truestate: startedname: apache2service:- name: "Simulação: Testar se o serviço apache2 se encontra instalado, iniciado e ativo no arranque"  # Fonte de inspiração: https://docs.ansible.com/ansible/latest/collections/ansible/builtin/service_module.htmlB        BModificadoB    
- regexp: "^max_file_uploads"
line: "max_file_uploads = 20"
- regexp: "^post_max_size"
line: "post_max_size = 2G"
- regexp: "^memory_limit"
line: "memory_limit = 2G"
- regexp: "^max_input_time"
line: "max_input_time = 3600"
check_mode: true
register: estado
    

- name: "Teste: As linhas do php.ini encontram-se alteradas ?"
assert:
that:
- not estado.changed
success_msg: "SUCESSO: O ficheiro php.ini foi alterado com sucesso"
fail_msg: "ERRO: Algumas alterações ao ficheiro php.ini não tiveram sucesso"



         BM-DB Formato DOSBM-AB AnexarBBB SegurançaBCB Cancelar           BM-MB Formato MacBM-PB PreporB^TB P/ ficheirosBNome do ficheiro onde escrever: molecule/default/verify.yml                                                                               B B[ A escrever... ]BB          BB[ 142 linhas escritas ]BB^OB GravarB^WB Procurar      B^KB Cortar txt    B^JB Justificar    B^CB Pos cursorBUB Desfazer     BM-AB Marcar txtBXB Sair    B^RB CarregarB^\B Substituir    B^UB Colar txt     B^TB Ortografia    B^_B Ir p/ linha   BM-EB Refazer      BM-6B Copiar txtadmlocal@devOps:~/leantime_ansible$ nano molecule/default/verify.yml ansible-lint
Loading custom .yamllint config file, this extends our internal yamllint config.
WARNING  Listing 1 violation(s) that are fatal
syntax-check: Ansible syntax check failed
molecule/default/verify.yml:0 [WARNING]: provided hosts list is empty, only localhost is available. Note that
the implicit localhost does not match 'all'
ERROR! Syntax Error while loading YAML.
  found a tab character that violate indentation

The error appears to be in '/home/admlocal/leantime_ansible/molecule/default/verify.yml': line 136, column 1, but may
be elsewhere in the file depending on the exact syntax problem.

The offending line appears to be:

    register: estado

^ here
There appears to be a tab character at the start of the line.

YAML does not use tabs for formatting. Tabs should be replaced with spaces.

For example:
    - name: update tooling
      vars:
        version: 1.2.3
#    ^--- there is a tab there.

Should be written as:
    - name: update tooling
      vars:
        version: 1.2.3
# ^--- all spaces here.


You can skip specific rules or tags by adding them to your configuration file:
# .ansible-lint
warn_list:  # or 'skip_list' to silence them completely
  - syntax-check  # Ansible syntax check failed
Finished with 1 failure(s), 0 warning(s) on 1 files.
admlocal@devOps:~/leantime_ansible$ ansible-lint molecule/default/verify.yml nano
BBB[ A ler... ]BB[ 142 linhas lidas ]BB  GNU nano 4.8                                          molecule/default/verify.yml                                                       BB^GB AjudaB^OB GravarB^WB ProcurarB^KB Cortar txt    B^JB Justificar    B^CB Pos cursor    BM-UB Desfazer     BM-AB Marcar txtB^XB SairB^RB CarregarB^\B Substituir    B^UB Colar txt     B^TB Ortografia    B^_B Ir p/ linha   BM-EB RefazerBM-6B Copiar txtB---# Tutorial de inspiração para a infraestrutura conduzida por teste no site# https://www.adictosaltrabajo.com/2020/05/08/ansible-testing-using-molecule-with-ansible-as-verifier/B- name: "Infraestrutura conduzida por testes"hosts: allgather_facts: falsebecome: truetasks:- name: "Simulação: Atualizar a cache do sistema"apt:update_cache: truecache_valid_time: 3600check_mode: trueregister: estado- name: "teste: a cache encontra-se actualizada?"assert:that:- not estado.changedsuccess_msg: "SUCESSO: A cache está atualizada"fail_msg: "ERRO: Existem actualizações pendentes"- name: "Atualizar o sistema operativo (equivalente a apt upgrade)"apt:upgrade: safecheck_mode: trueregister: estado- name: "teste: o sistema operativo encontra-se atualizado?"assert:that:- not estado.changedsuccess_msg: "SUCESSO: O sistema operativo está atualizado" - not estado.changed success_msg: "SUCESSO: O sistema operativo está atualizado" fail_msg: "ERRO: Existem actualizações pendentes"  - name: "Teste: a cache encontra-se atualizada?"  assert:    that:    - not estado.changedsuccess_msg: "SUCESSO: A cache está atualizada"    fail_msg: "ERRO: Existem atualizações pendentes"  - name: "Simulação: testa se as aplicações dependencia do software leantime se encontram instaladas"apt:pkg:  - mc  - screen- git    - apache2  - mysql-server- phpphp-mysql- php-ldap- php-cli- php-soap    - php-json  - graphviz- php-xml  - php-gd  - php-zip- libapache2-mod-php    - php-dev  - libmcrypt-dev- gccmake- autoconf- make- autoconf- libc-dev- pkg-config- pwgen- curl- unzip- zip- php-mbstring- expect- net-tools- python3-mysqldb- python3-aptpython3-pycurlcheck_mode: trueregister: estados dependencias encontra-se instaladas?"s dependencias estavam instaladas"Faltam instalar algumas dependencias. O software pode estar parcialmente instalado"  # Fonte de inspiração: https://docs.ansible.com/ansible/latest/collections/ansible/builtin/service_module.htmlB- name: "Simulação: Testar se o serviço apache2 se encontra instalado, iniciado e ativo no arranque"service:name: apache2state: startedenabled: truecheck_mode: trueregister: estado  - name: "Teste: O serviço apache2 encontra-se ativo no arranque no sistema, e está iniciado?"assert:  - name: "Teste: O serviço apache2 encontra-se ativo no arranque no sistema, e está iniciado?"assert:that:not estado.changedsuccess_msg: "SUCESSO: O serviço apache2 está correctamente instalado e inicia com o arranque do sistema"fail_msg: "ERRO: O serviço apache2 não se encontra correctamente instalado"  # Fonte: https://www.mydailytutorials.com/using-ansible-find-module-search-filesfolderB- name: "Rotina Auxiliar> Procura o caminho do ficheiro php.ini do servidor apache2"find:paths: /etcpatterns: "php.ini"recurse: trueregister: caminho_php_ini  # Fonte: https://docs.ansible.com/ansible/latest/collections/ansible/builtin/lineinfile_module.htmlB- name: "Simulação: Ativa a opção file_uploads no ficheiro php.ini, utilizando o módulo lineinfile."  ansible.builtin.lineinfile:  path: "{{ caminho_php_ini.files[0].path }}"regexp: "{{ item.regexp  }}"line: "{{ item.line }}"with_items:- regexp: "^file_uploads"line: "file_uploads = 1" - regexp: "^upload_max_filesize" line: "upload_max_filesize = 1G"  - regexp: "^max_file_uploads"  line: "max_file_uploads = 20"- regexp: "^post_max_size"  line: "post_max_size = 2G"  - regexp: "^memory_limit"    line: "memory_limit = 2G"- regexp: "^max_input_time" line: "max_input_time = 3600"check_mode: trueline: "max_input_time = 3600"check_mode: trueregister: estadoAs linhas do php.ini encontram-se alteradas ?"ficheiro php.ini foi alterado com sucesso"Algumas alterações ao ficheiro php.ini não tiveram sucesso"- regexp: "^max_input_time"line: "memory_limit = 2G"- regexp: "^memory_limit"line: "post_max_size = 2G"- regexp: "^post_max_size"line: "max_file_uploads = 20"       - regexp: "^max_file_uploads"line: "upload_max_filesize = 1G"- regexp: "^upload_max_filesize"line: "file_uploads = 1"- regexp: "^file_uploads"with_items:line: "{{ item.line }}"regexp: "{{ item.regexp  }}"path: "{{ caminho_php_ini.files[0].path }}"ansible.builtin.lineinfile:- name: "Simulação: Ativa a opção file_uploads no ficheiro php.ini, utilizando o módulo lineinfile."  # Fonte: https://docs.ansible.com/ansible/latest/collections/ansible/builtin/lineinfile_module.htmlBBModificadoB
         BM-DB Formato DOSBM-AB AnexarBBB SegurançaBCB Cancelar           BM-MB Formato MacBM-PB PreporB^TB P/ ficheirosBNome do ficheiro onde escrever: molecule/default/verify.yml                                                                               B B[ A escrever... ]BB          BB[ 142 linhas escritas ]BB^OB GravarB^WB Procurar      B^KB Cortar txt    B^JB Justificar    B^CB Pos cursorBUB Desfazer     BM-AB Marcar txtBXB Sair    B^RB CarregarB^\B Substituir    B^UB Colar txt     B^TB Ortografia    B^_B Ir p/ linha   BM-EB Refazer      BM-6B Copiar txtadmlocal@devOps:~/leantime_ansible$ nano molecule/default/verify.yml ansible-lint
Loading custom .yamllint config file, this extends our internal yamllint config.
admlocal@devOps:~/leantime_ansible$ molecule verify
INFO     default scenario test matrix: verify
INFO     Performing prerun...
INFO     Using .cache/roles/nunomourinho.leantime_ansible symlink to current repository in order to enable Ansible to find the role using its expected full name.
INFO     Added ANSIBLE_ROLES_PATH=~/.ansible/roles:/usr/share/ansible/roles:/etc/ansible/roles:./.cache/roles
INFO     Running default > verify
INFO     Running Ansible Verifier

PLAY [Infraestrutura conduzida por testes] ***********************************************************************************************

TASK [Simulação: Atualizar a cache do sistema] *******************************************************************************************
changed: [ubuntu-20.04]

TASK [teste: a cache encontra-se actualizada?] *******************************************************************************************
fatal: [ubuntu-20.04]: FAILED! => {
    "assertion": "not estado.changed",
    "changed": false,
    "evaluated_to": false,
    "msg": "ERRO: Existem actualizações pendentes"
}

PLAY RECAP *******************************************************************************************************************************
ubuntu-20.04               : ok=1    changed=1    unreachable=0    failed=1    skipped=0    rescued=0    ignored=0


CRITICAL Ansible return code was 2, command was: ansible-playbook --inventory /home/admlocal/.cache/molecule/leantime_ansible/default/inventory --skip-tags molecule-notest,notest /home/admlocal/leantime_ansible/molecule/default/verify.yml
admlocal@devOps:~/leantime_ansible$ molecule verify
INFO     default scenario test matrix: verify
INFO     Performing prerun...
INFO     Using .cache/roles/nunomourinho.leantime_ansible symlink to current repository in order to enable Ansible to find the role using its expected full name.
INFO     Added ANSIBLE_ROLES_PATH=~/.ansible/roles:/usr/share/ansible/roles:/etc/ansible/roles:./.cache/roles
INFO     Running default > verify
INFO     Running Ansible Verifier

PLAY [Infraestrutura conduzida por testes] ***********************************************************************************************

TASK [Simulação: Atualizar a cache do sistema] *******************************************************************************************
ok: [ubuntu-20.04]

TASK [teste: a cache encontra-se actualizada?] *******************************************************************************************
ok: [ubuntu-20.04] => {
    "changed": false,
    "msg": "SUCESSO: A cache está atualizada"
}

TASK [Atualizar o sistema operativo (equivalente a apt upgrade)] *************************************************************************
changed: [ubuntu-20.04]

TASK [teste: o sistema operativo encontra-se atualizado?] ********************************************************************************
fatal: [ubuntu-20.04]: FAILED! => {
    "assertion": "not estado.changed",
    "changed": false,
    "evaluated_to": false,
    "msg": "ERRO: Existem actualizações pendentes"
}

PLAY RECAP *******************************************************************************************************************************
ubuntu-20.04               : ok=3    changed=1    unreachable=0    failed=1    skipped=0    rescued=0    ignored=0


CRITICAL Ansible return code was 2, command was: ansible-playbook --inventory /home/admlocal/.cache/molecule/leantime_ansible/default/inventory --skip-tags molecule-notest,notest /home/admlocal/leantime_ansible/molecule/default/verify.yml
admlocal@devOps:~/leantime_ansible$ molecule converge
INFO     default scenario test matrix: dependency, create, prepare, converge
INFO     Performing prerun...
INFO     Using .cache/roles/nunomourinho.leantime_ansible symlink to current repository in order to enable Ansible to find the role using its expected full name.
INFO     Added ANSIBLE_ROLES_PATH=~/.ansible/roles:/usr/share/ansible/roles:/etc/ansible/roles:./.cache/roles
INFO     Running default > dependency
WARNING  Skipping, missing the requirements file.
WARNING  Skipping, missing the requirements file.
INFO     Running default > create
WARNING  Skipping, instances already created.
INFO     Running default > prepare
WARNING  Skipping, instances already prepared.
INFO     Running default > converge

PLAY [Converge] **************************************************************************************************************************

TASK [Gathering Facts] *******************************************************************************************************************
ok: [ubuntu-20.04]

TASK [Include leantime_ansible] **********************************************************************************************************

TASK [leantime_ansible : Atualiza a cache (equivalente a apt update)] ********************************************************************
ok: [ubuntu-20.04]

TASK [leantime_ansible : Atualiza o sistema operativo] ***********************************************************************************
changed: [ubuntu-20.04]

TASK [leantime_ansible : Instalar as dependencias necessária ao programa leantime] *******************************************************
ok: [ubuntu-20.04]

TASK [leantime_ansible : Instala o serviço apache2 no arranque do sistema] ***************************************************************
ok: [ubuntu-20.04]

PLAY RECAP *******************************************************************************************************************************
ubuntu-20.04               : ok=5    changed=1    unreachable=0    failed=0    skipped=0    rescued=0    ignored=0

admlocal@devOps:~/leantime_ansible$ molecule convergeverify
INFO     default scenario test matrix: verify
INFO     Performing prerun...
INFO     Using .cache/roles/nunomourinho.leantime_ansible symlink to current repository in order to enable Ansible to find the role using its expected full name.
INFO     Added ANSIBLE_ROLES_PATH=~/.ansible/roles:/usr/share/ansible/roles:/etc/ansible/roles:./.cache/roles
INFO     Running default > verify
INFO     Running Ansible Verifier

PLAY [Infraestrutura conduzida por testes] ***********************************************************************************************

TASK [Simulação: Atualizar a cache do sistema] *******************************************************************************************
ok: [ubuntu-20.04]

TASK [teste: a cache encontra-se actualizada?] *******************************************************************************************
ok: [ubuntu-20.04] => {
    "changed": false,
    "msg": "SUCESSO: A cache está atualizada"
}

TASK [Atualizar o sistema operativo (equivalente a apt upgrade)] *************************************************************************
ok: [ubuntu-20.04]

TASK [teste: o sistema operativo encontra-se atualizado?] ********************************************************************************
ok: [ubuntu-20.04] => {
    "changed": false,
    "msg": "SUCESSO: O sistema operativo está atualizado"
}

TASK [Teste: a cache encontra-se atualizada?] ********************************************************************************************
ok: [ubuntu-20.04] => {
    "changed": false,
    "msg": "SUCESSO: A cache está atualizada"
}

TASK [Simulação: testa se as aplicações dependencia do software leantime se encontram instaladas] ****************************************
ok: [ubuntu-20.04]

TASK [Teste: as dependencias encontra-se instaladas?] ************************************************************************************
ok: [ubuntu-20.04] => {
    "changed": false,
    "msg": "SUCESSO: As dependencias estavam instaladas"
}

TASK [Simulação: Testar se o serviço apache2 se encontra instalado, iniciado e ativo no arranque] ****************************************
ok: [ubuntu-20.04]

TASK [Teste: O serviço apache2 encontra-se ativo no arranque no sistema, e está iniciado?] ***********************************************
ok: [ubuntu-20.04] => {
    "changed": false,
    "msg": "SUCESSO: O serviço apache2 está correctamente instalado e inicia com o arranque do sistema"
}

TASK [Rotina Auxiliar> Procura o caminho do ficheiro php.ini do servidor apache2] ********************************************************
ok: [ubuntu-20.04]

TASK [Simulação: Ativa a opção file_uploads no ficheiro php.ini, utilizando o módulo lineinfile.] ****************************************
changed: [ubuntu-20.04] => (item={'regexp': '^file_uploads', 'line': 'file_uploads = 1'})
changed: [ubuntu-20.04] => (item={'regexp': '^upload_max_filesize', 'line': 'upload_max_filesize = 1G'})
ok: [ubuntu-20.04] => (item={'regexp': '^max_file_uploads', 'line': 'max_file_uploads = 20'})
changed: [ubuntu-20.04] => (item={'regexp': '^post_max_size', 'line': 'post_max_size = 2G'})
changed: [ubuntu-20.04] => (item={'regexp': '^memory_limit', 'line': 'memory_limit = 2G'})
changed: [ubuntu-20.04] => (item={'regexp': '^max_input_time', 'line': 'max_input_time = 3600'})

TASK [Teste: As linhas do php.ini encontram-se alteradas ?] ******************************************************************************
fatal: [ubuntu-20.04]: FAILED! => {
    "assertion": "not estado.changed",
    "changed": false,
    "evaluated_to": false,
    "msg": "ERRO: Algumas alterações ao ficheiro php.ini não tiveram sucesso"
}

PLAY RECAP *******************************************************************************************************************************
ubuntu-20.04               : ok=11   changed=1    unreachable=0    failed=1    skipped=0    rescued=0    ignored=0


CRITICAL Ansible return code was 2, command was: ansible-playbook --inventory /home/admlocal/.cache/molecule/leantime_ansible/default/inventory --skip-tags molecule-notest,notest /home/admlocal/leantime_ansible/molecule/default/verify.yml
admlocal@devOps:~/leantime_ansible$ exit
exit
