admlocal@devOps:~/leantime_ansible$ exitnano tasks/tasks.yml 
BBB[ A ler... ]BB[ 55 linhas lidas ]BB  GNU nano 4.8                                                tasks/tasks.yml                                                             BB^GB AjudaB^OB GravarB^WB ProcurarB^KB Cortar txt    B^JB Justificar    B^CB Pos cursor    BM-UB Desfazer     BM-AB Marcar txtB^XB SairB^RB CarregarB^\B Substituir    B^UB Colar txt     B^TB Ortografia    B^_B Ir p/ linha   BM-EB RefazerBM-6B Copiar txtB---- name: Atualiza a cache (equivalente a apt update)apt:update_cache: truecache_valid_time: 3600- name: "Atualiza o sistema operativo"apt:upgrade: safe- name: "Instalar as dependencias necessária ao programa leantime"apt:pkg:- mc- screen- git- apache2- mysql-server- php- php-mysql- php-ldap- php-cli- php-soap- php-json- graphviz- php-xml- php-gd- php-zip- libapache2-mod-php- php-dev- libmcrypt-dev- gcc- make- autoconf- libc-dev - autoconf    - libc-dev  - pkg-config- pwgen- curl- unzip    - zip  - php-mbstring- expect- net-tools    - python3-mysqldb  - python3-apt- python3-pycurl   # Fonte de inspiração: https://docs.ansible.com/ansible/latest/collections/ansible/builtin/service_module.htmlB- name: "Instala o serviço apache2 no arranque do sistema"service:name: apache2state: startedenabled: trueBModificadoB    #B BFBoBnBtBeB:B BhBtBtBpBsB:B/B/BwBwBwB.BmByBdBaBiBlByBtBuBtBoBrBiBaBlBsB.BcBoBmB/BuBsBiBnBgB-BaBnBsBiBbBlBeB-BfBiBnBdB-BmBoBdBuBlBeB-BsBeBaBrBcBhB-BfBiBlBeBsBfBoBlBdBeBrB  - name: "Rotina Auxiliar: Procura o caminho do ficheiro php.ini do servidor apache2"    find:      paths: /etc      patterns: "php.ini"      recurse: true    register: caminho_php_ini    #B BFBoBnBtBeB:B BhBtBtBpBsB:B/B/BdBoBcBsB.BaBnBsBiBbBlBeB.BcBoBmB/BaBnBsBiBbBlBeB/BlBaBtBeBsBtB/BcBoBlBlBeBcBtBiBoBnBsB/BaBnBsBiBbBlBeB/BbBuBiBlBtBiBnB/BlBiBnBeBiBnBfBiBlBeB_BmBoBdBuBlBeB.BhBtBmBlB  - name: "Ativa várias opções no ficheiro php.ini, utilizando o módulo lineinfile."    ansible.builtin.lineinfile:      path: "{{ caminho_php_ini.files[0].path }}"
      regexp: "{{ item.regexp  }}"
      line: "{{ item.line }}"
    with_items:
      - regexp: "^file_uploads"
        line: "file_uploads = 1"
      - regexp: "^upload_max_filesize"
        line: "upload_max_filesize = 1G"
      - regexp: "^max_file_uploads
"        line: "max_file_uploads = 20"
      - regexp: "^post_max_size"
        line: "post_max_size = 2G"
      - regexp: "^memory_limit"
        line: "memory_limit = 2G"
      - regexp: "^max_input_time"
        line: "max_input_time = 3600"



         BM-DB Formato DOSBM-AB AnexarBBB SegurançaBCB Cancelar           BM-MB Formato MacBM-PB PreporB^TB P/ ficheirosBNome do ficheiro onde escrever: tasks/tasks.yml                                                                                           B B[ A escrever... ]BB          BB[ 82 linhas escritas ]BB^OB GravarB^WB Procurar      B^KB Cortar txt    B^JB Justificar    B^CB Pos cursorBUB Desfazer     BM-AB Marcar txtBXB Sair    B^RB CarregarB^\B Substituir    B^UB Colar txt     B^TB Ortografia    B^_B Ir p/ linha   BM-EB Refazer      BM-6B Copiar txtadmlocal@devOps:~/leantime_ansible$ molecule lint
INFO     default scenario test matrix: dependency, lint
INFO     Performing prerun...
INFO     Using .cache/roles/nunomourinho.leantime_ansible symlink to current repository in order to enable Ansible to find the role using its expected full name.
INFO     Added ANSIBLE_ROLES_PATH=~/.ansible/roles:/usr/share/ansible/roles:/etc/ansible/roles:./.cache/roles
INFO     Running default > dependency
WARNING  Skipping, missing the requirements file.
WARNING  Skipping, missing the requirements file.
INFO     Running default > lint
COMMAND: set -e
yamllint .
ansible-lint

./tasks/tasks.yml
  82:1      error    too many blank lines (1 > 0)  (empty-lines)
  56:3      error    syntax error: expected '<document start>', but found '<block sequence start>' (syntax)

CRITICAL Lint failed with error code 1
admlocal@devOps:~/leantime_ansible$ molecule lintnano tasks/tasks.yml 
BBB[ A ler... ]BB[ 82 linhas lidas ]BB  GNU nano 4.8                                                tasks/tasks.yml                                                             BB^GB AjudaB^OB GravarB^WB ProcurarB^KB Cortar txt    B^JB Justificar    B^CB Pos cursor    BM-UB Desfazer     BM-AB Marcar txtB^XB SairB^RB CarregarB^\B Substituir    B^UB Colar txt     B^TB Ortografia    B^_B Ir p/ linha   BM-EB RefazerBM-6B Copiar txtB---- name: Atualiza a cache (equivalente a apt update)apt:update_cache: truecache_valid_time: 3600- name: "Atualiza o sistema operativo"apt:upgrade: safe- name: "Instalar as dependencias necessária ao programa leantime"apt:pkg:- mc- screen- git- apache2- mysql-server- php- php-mysql- php-ldap- php-cli- php-soap- php-json- graphviz- php-xml- php-gd- php-zip- libapache2-mod-php- php-dev- libmcrypt-dev- gcc- make- autoconf- libc-dev         In. parágB^YB Prim.linhaB^TB Ir para txtBCB Cancelar           BOB Fim parágBVB Últ. linhaBInsira nº da linha, nº da coluna:                                                                                                         BB8BB2BB,BB1BB^OB GravarProcurar      B^KB Cortar txt    B^JB Justificar    B^CB Pos cursor    BM-UB Desfazer     BM-AB Marcar txtBXB Sair    B^RB CarregarB\B Substituir    B^UB Colar txtBTB Ortografia    B^_B Ir p/ linha   BM-EB RefazerBM-6B Copiar txt    ansible.builtin.lineinfile:   path: "{{ caminho_php_ini.files[0].path }}" regexp: "{{ item.regexp  }}"line: "{{ item.line }}"with_items:- regexp: "^file_uploads" line: "file_uploads = 1" - regexp: "^upload_max_filesize" line: "upload_max_filesize = 1G"- regexp: "^max_file_uploads" line: "max_file_uploads = 20" - regexp: "^post_max_size" line: "post_max_size = 2G"- regexp: "^memory_limit" line: "memory_limit = 2G"- regexp: "^max_input_time" line: "max_input_time = 3600"BModificadoB         BM-DB Formato DOSBM-AB AnexarBBB SegurançaBCB Cancelar           BM-MB Formato MacBM-PB PreporB^TB P/ ficheirosBNome do ficheiro onde escrever: tasks/tasks.yml                                                                                           B B[ A escrever... ]BB          BB[ 81 linhas escritas ]BB^OB GravarB^WB Procurar      B^KB Cortar txt    B^JB Justificar    B^CB Pos cursorBUB Desfazer     BM-AB Marcar txtBXB Sair    B^RB CarregarB^\B Substituir    B^UB Colar txt     B^TB Ortografia    B^_B Ir p/ linha   BM-EB Refazer      BM-6B Copiar txtadmlocal@devOps:~/leantime_ansible$ nano tasks/tasks.yml molecule lint
INFO     default scenario test matrix: dependency, lint
INFO     Performing prerun...
INFO     Using .cache/roles/nunomourinho.leantime_ansible symlink to current repository in order to enable Ansible to find the role using its expected full name.
INFO     Added ANSIBLE_ROLES_PATH=~/.ansible/roles:/usr/share/ansible/roles:/etc/ansible/roles:./.cache/roles
INFO     Running default > dependency
WARNING  Skipping, missing the requirements file.
WARNING  Skipping, missing the requirements file.
INFO     Running default > lint
COMMAND: set -e
yamllint .
ansible-lint

./tasks/tasks.yml
  56:3      error    syntax error: expected '<document start>', but found '<block sequence start>' (syntax)

CRITICAL Lint failed with error code 1
admlocal@devOps:~/leantime_ansible$ molecule lintnano tasks/tasks.yml 
BBB[ A ler... ]BB[ 81 linhas lidas ]BB  GNU nano 4.8                                                tasks/tasks.yml                                                             BB^GB AjudaB^OB GravarB^WB ProcurarB^KB Cortar txt    B^JB Justificar    B^CB Pos cursor    BM-UB Desfazer     BM-AB Marcar txtB^XB SairB^RB CarregarB^\B Substituir    B^UB Colar txt     B^TB Ortografia    B^_B Ir p/ linha   BM-EB RefazerBM-6B Copiar txtB---- name: Atualiza a cache (equivalente a apt update)apt:update_cache: truecache_valid_time: 3600- name: "Atualiza o sistema operativo"apt:upgrade: safe- name: "Instalar as dependencias necessária ao programa leantime"apt:pkg:- mc- screen- git- apache2- mysql-server- php- php-mysql- php-ldap- php-cli- php-soap- php-json- graphviz- php-xml- php-gd- php-zip- libapache2-mod-php- php-dev- libmcrypt-dev- gcc- make- autoconf- libc-dev         In. parágB^YB Prim.linhaB^TB Ir para txtBCB Cancelar           BOB Fim parágBVB Últ. linhaBInsira nº da linha, nº da coluna:                                                                                                         BB5BB3BB,BB3BB,3 BB6,3BB^OB GravarProcurar      B^KB Cortar txt    B^JB Justificar    B^CB Pos cursor    BM-UB Desfazer     BM-AB Marcar txtBXB Sair    B^RB CarregarB\B Substituir    B^UB Colar txtBTB Ortografia    B^_B Ir p/ linha   BM-EB RefazerBM-6B Copiar txt - unzip    - zip  - php-mbstring- expect- net-tools- python3-mysqldb    - python3-apt  - python3-pycurl   # Fonte de inspiração: https://docs.ansible.com/ansible/latest/collections/ansible/builtin/service_module.htmlB o serviço apache2 no arranque do sistema"service:name: apache2state: startedenabled: true  # Fonte: https://www.mydailytutorials.com/using-ansible-find-module-search-filesfolderB- name: "Rotina Auxiliar: Procura o caminho do ficheiro php.ini do servidor apache2"find:paths: /etcpatterns: "php.ini"recurse: trueregister: caminho_php_ini  # Fonte: https://docs.ansible.com/ansible/latest/collections/ansible/builtin/lineinfile_module.htmlB- name: "Ativa várias opções no ficheiro php.ini, utilizando o módulo lineinfile."ansible.builtin.lineinfile:path: "{{ caminho_php_ini.files[0].path }}"regexp: "{{ item.regexp  }}"line: "{{ item.line }}"with_items:- regexp: "^file_uploads" line: "file_uploads = 1"- regexp: "^upload_max_filesize" line: "upload_max_filesize = 1G"BModificadoB
- regexp: "^max_file_uploads"- regexp: "^max_file_uploads"line: "max_file_uploads = 20"- regexp: "^post_max_size"line: "post_max_size = 2G"- regexp: "^memory_limit"line: "memory_limit = 2G"- regexp: "^max_input_time"line: "max_input_time = 3600"         BM-DB Formato DOSBM-AB AnexarBBB SegurançaBCB Cancelar           BM-MB Formato MacBM-PB PreporB^TB P/ ficheirosBNome do ficheiro onde escrever: tasks/tasks.yml                                                                                           B B[ A escrever... ]BB          BB[ 81 linhas escritas ]BB^OB GravarB^WB Procurar      B^KB Cortar txt    B^JB Justificar    B^CB Pos cursorBUB Desfazer     BM-AB Marcar txtBXB Sair    B^RB CarregarB^\B Substituir    B^UB Colar txt     B^TB Ortografia    B^_B Ir p/ linha   BM-EB Refazer      BM-6B Copiar txtadmlocal@devOps:~/leantime_ansible$ nano tasks/tasks.yml molecule lint
INFO     default scenario test matrix: dependency, lint
INFO     Performing prerun...
INFO     Using .cache/roles/nunomourinho.leantime_ansible symlink to current repository in order to enable Ansible to find the role using its expected full name.
INFO     Added ANSIBLE_ROLES_PATH=~/.ansible/roles:/usr/share/ansible/roles:/etc/ansible/roles:./.cache/roles
INFO     Running default > dependency
WARNING  Skipping, missing the requirements file.
WARNING  Skipping, missing the requirements file.
INFO     Running default > lint
COMMAND: set -e
yamllint .
ansible-lint

./tasks/tasks.yml
  56:3      error    syntax error: expected '<document start>', but found '<block sequence start>' (syntax)

CRITICAL Lint failed with error code 1
admlocal@devOps:~/leantime_ansible$ molecule lintnano tasks/tasks.yml 
BBB[ A ler... ]BB[ 81 linhas lidas ]BB  GNU nano 4.8                                                tasks/tasks.yml                                                             BB^GB AjudaB^OB GravarB^WB ProcurarB^KB Cortar txt    B^JB Justificar    B^CB Pos cursor    BM-UB Desfazer     BM-AB Marcar txtB^XB SairB^RB CarregarB^\B Substituir    B^UB Colar txt     B^TB Ortografia    B^_B Ir p/ linha   BM-EB RefazerBM-6B Copiar txtB---- name: Atualiza a cache (equivalente a apt update)apt:update_cache: truecache_valid_time: 3600- name: "Atualiza o sistema operativo"apt:upgrade: safe- name: "Instalar as dependencias necessária ao programa leantime"apt:pkg:- mc- screen- git- apache2- mysql-server- php- php-mysql- php-ldap- php-cli- php-soap- php-json- graphviz- php-xml- php-gd- php-zip- libapache2-mod-php- php-dev- libmcrypt-dev- gcc- make- autoconf- libc-dev - autoconf    - libc-dev  - pkg-config- pwgen- curl- unzip    - zip  - php-mbstring- expect- net-tools    - python3-mysqldb  - python3-apt- python3-pycurl   # Fonte de inspiração: https://docs.ansible.com/ansible/latest/collections/ansible/builtin/service_module.htmlB- name: "Instala o serviço apache2 no arranque do sistema"service:name: apache2state: startedenabled: true  # Fonte: https://www.mydailytutorials.com/using-ansible-find-module-search-filesfolderB- name: "Rotina Auxiliar: Procura o caminho do ficheiro php.ini do servidor apache2"find:paths: /etcpatterns: "php.ini"recurse: trueregister: caminho_php_ini  # Fonte: https://docs.ansible.com/ansible/latest/collections/ansible/builtin/lineinfile_module.htmlB- name: "Ativa várias opções no ficheiro php.ini, utilizando o módulo lineinfile."ansible.builtin.lineinfile:path: "{{ caminho_php_ini.files[0].path }}"regexp: "{{ item.regexp  }}"line: "{{ item.line }}"regexp: "{{ item.regexp  }}"line: "{{ item.line }}"with_items:- regexp: "^file_uploads" line: "file_uploads = 1"- regexp: "^upload_max_filesize" line: "upload_max_filesize = 1G"- regexp: "^max_file_uploads" line: "max_file_uploads = 20"- regexp: "^post_max_size" line: "post_max_size = 2G"- regexp: "^memory_limit" line: "memory_limit = 2G"- regexp: "^max_input_time" line: "max_input_time = 3600"path: "{{ caminho_php_ini.files[0].path }}"ansible.builtin.lineinfile:- name: "Ativa várias opções no ficheiro php.ini, utilizando o módulo lineinfile."  # Fonte: https://docs.ansible.com/ansible/latest/collections/ansible/builtin/lineinfile_module.htmlBregister: caminho_php_inirecurse: truepatterns: "php.ini"paths: /etcfind:- name: "Rotina Auxiliar: Procura o caminho do ficheiro php.ini do servidor apache2"  # Fonte: https://www.mydailytutorials.com/using-ansible-find-module-search-filesfolderBenabled: truestate: startedname: apache2service:- name: "Instala o serviço apache2 no arranque do sistema"   # Fonte de inspiração: https://docs.ansible.com/ansible/latest/collections/ansible/builtin/service_module.htmlB- python3-pycurl- python3-apt    BModificadoB   # Fonte: https://www.mydailytutorials.com/using-ansible-find-module-search-filesfolder B   - name: "Rotina Auxiliar: Procura o caminho do ficheiro php.ini do servidor apache2"      find:  paths: /etc  patterns: "php.ini"  recurse: true      register: caminho_php_ini    # Fonte: https://docs.ansible.com/ansible/latest/collections/ansible/builtin/lineinfile_module.html B   - name: "Ativa várias opções no ficheiro php.ini, utilizando o módulo lineinfile."      ansible.builtin.lineinfile:  path: "{{ caminho_php_ini.files[0].path }}"  regexp: "{{ item.regexp  }}"  line: "{{ item.line }}"      with_items:  - regexp: "^file_uploads"  line: "file_uploads = 1"  - regexp: "^upload_max_filesize"  line: "upload_max_filesize = 1G"  - regexp: "^max_file_uploads"  line: "max_file_uploads = 20"  - regexp: "^post_max_size"  line: "post_max_size = 2G"  - regexp: "^memory_limit"  line: "memory_limit = 2G" 
- regexp: "^max_input_time" 
line: "max_input_time = 3600"  - regexp: "^max_input_time"   line: "max_input_time = 3600" 
         BM-DB Formato DOSBM-AB AnexarBBB SegurançaBCB Cancelar           BM-MB Formato MacBM-PB PreporB^TB P/ ficheirosBNome do ficheiro onde escrever: tasks/tasks.yml                                                                                           B B[ A escrever... ]BB          BB[ 81 linhas escritas ]BB^OB GravarB^WB Procurar      B^KB Cortar txt    B^JB Justificar    B^CB Pos cursorBUB Desfazer     BM-AB Marcar txtBXB Sair    B^RB CarregarB^\B Substituir    B^UB Colar txt     B^TB Ortografia    B^_B Ir p/ linha   BM-EB Refazer      BM-6B Copiar txtadmlocal@devOps:~/leantime_ansible$ nano tasks/tasks.yml molecule lint
INFO     default scenario test matrix: dependency, lint
INFO     Performing prerun...
INFO     Using .cache/roles/nunomourinho.leantime_ansible symlink to current repository in order to enable Ansible to find the role using its expected full name.
INFO     Added ANSIBLE_ROLES_PATH=~/.ansible/roles:/usr/share/ansible/roles:/etc/ansible/roles:./.cache/roles
INFO     Running default > dependency
WARNING  Skipping, missing the requirements file.
WARNING  Skipping, missing the requirements file.
INFO     Running default > lint
COMMAND: set -e
yamllint .
ansible-lint

Loading custom .yamllint config file, this extends our internal yamllint config.
admlocal@devOps:~/leantime_ansible$ molecule converge
INFO     default scenario test matrix: dependency, create, prepare, converge
INFO     Performing prerun...
INFO     Using .cache/roles/nunomourinho.leantime_ansible symlink to current repository in order to enable Ansible to find the role using its expected full name.
INFO     Added ANSIBLE_ROLES_PATH=~/.ansible/roles:/usr/share/ansible/roles:/etc/ansible/roles:./.cache/roles
INFO     Running default > dependency
WARNING  Skipping, missing the requirements file.
WARNING  Skipping, missing the requirements file.
INFO     Running default > create
WARNING  Skipping, instances already created.
INFO     Running default > prepare
WARNING  Skipping, instances already prepared.
INFO     Running default > converge

PLAY [Converge] **************************************************************************************************************************

TASK [Gathering Facts] *******************************************************************************************************************
ok: [ubuntu-20.04]

TASK [Include leantime_ansible] **********************************************************************************************************

TASK [leantime_ansible : Atualiza a cache (equivalente a apt update)] ********************************************************************
ok: [ubuntu-20.04]

TASK [leantime_ansible : Atualiza o sistema operativo] ***********************************************************************************
ok: [ubuntu-20.04]

TASK [leantime_ansible : Instalar as dependencias necessária ao programa leantime] *******************************************************
ok: [ubuntu-20.04]

TASK [leantime_ansible : Instala o serviço apache2 no arranque do sistema] ***************************************************************
ok: [ubuntu-20.04]

TASK [leantime_ansible : Rotina Auxiliar: Procura o caminho do ficheiro php.ini do servidor apache2] *************************************
ok: [ubuntu-20.04]

TASK [leantime_ansible : Ativa várias opções no ficheiro php.ini, utilizando o módulo lineinfile.] ***************************************
changed: [ubuntu-20.04] => (item={'regexp': '^file_uploads', 'line': 'file_uploads = 1'})
changed: [ubuntu-20.04] => (item={'regexp': '^upload_max_filesize', 'line': 'upload_max_filesize = 1G'})
ok: [ubuntu-20.04] => (item={'regexp': '^max_file_uploads', 'line': 'max_file_uploads = 20'})
changed: [ubuntu-20.04] => (item={'regexp': '^post_max_size', 'line': 'post_max_size = 2G'})
changed: [ubuntu-20.04] => (item={'regexp': '^memory_limit', 'line': 'memory_limit = 2G'})
changed: [ubuntu-20.04] => (item={'regexp': '^max_input_time', 'line': 'max_input_time = 3600'})

PLAY RECAP *******************************************************************************************************************************
ubuntu-20.04               : ok=7    changed=1    unreachable=0    failed=0    skipped=0    rescued=0    ignored=0

admlocal@devOps:~/leantime_ansible$ molecule convergelintverify
INFO     default scenario test matrix: verify
INFO     Performing prerun...
INFO     Using .cache/roles/nunomourinho.leantime_ansible symlink to current repository in order to enable Ansible to find the role using its expected full name.
INFO     Added ANSIBLE_ROLES_PATH=~/.ansible/roles:/usr/share/ansible/roles:/etc/ansible/roles:./.cache/roles
INFO     Running default > verify
INFO     Running Ansible Verifier

PLAY [Infraestrutura conduzida por testes] ***********************************************************************************************

TASK [Simulação: Atualizar a cache do sistema] *******************************************************************************************
ok: [ubuntu-20.04]

TASK [teste: a cache encontra-se actualizada?] *******************************************************************************************
ok: [ubuntu-20.04] => {
    "changed": false,
    "msg": "SUCESSO: A cache está atualizada"
}

TASK [Atualizar o sistema operativo (equivalente a apt upgrade)] *************************************************************************
ok: [ubuntu-20.04]

TASK [teste: o sistema operativo encontra-se atualizado?] ********************************************************************************
ok: [ubuntu-20.04] => {
    "changed": false,
    "msg": "SUCESSO: O sistema operativo está atualizado"
}

TASK [Teste: a cache encontra-se atualizada?] ********************************************************************************************
ok: [ubuntu-20.04] => {
    "changed": false,
    "msg": "SUCESSO: A cache está atualizada"
}

TASK [Simulação: testa se as aplicações dependencia do software leantime se encontram instaladas] ****************************************
ok: [ubuntu-20.04]

TASK [Teste: as dependencias encontra-se instaladas?] ************************************************************************************
ok: [ubuntu-20.04] => {
    "changed": false,
    "msg": "SUCESSO: As dependencias estavam instaladas"
}

TASK [Simulação: Testar se o serviço apache2 se encontra instalado, iniciado e ativo no arranque] ****************************************
ok: [ubuntu-20.04]

TASK [Teste: O serviço apache2 encontra-se ativo no arranque no sistema, e está iniciado?] ***********************************************
ok: [ubuntu-20.04] => {
    "changed": false,
    "msg": "SUCESSO: O serviço apache2 está correctamente instalado e inicia com o arranque do sistema"
}

TASK [Rotina Auxiliar> Procura o caminho do ficheiro php.ini do servidor apache2] ********************************************************
ok: [ubuntu-20.04]

TASK [Simulação: Ativa a opção file_uploads no ficheiro php.ini, utilizando o módulo lineinfile.] ****************************************
ok: [ubuntu-20.04] => (item={'regexp': '^file_uploads', 'line': 'file_uploads = 1'})
ok: [ubuntu-20.04] => (item={'regexp': '^upload_max_filesize', 'line': 'upload_max_filesize = 1G'})
ok: [ubuntu-20.04] => (item={'regexp': '^max_file_uploads', 'line': 'max_file_uploads = 20'})
ok: [ubuntu-20.04] => (item={'regexp': '^post_max_size', 'line': 'post_max_size = 2G'})
ok: [ubuntu-20.04] => (item={'regexp': '^memory_limit', 'line': 'memory_limit = 2G'})
ok: [ubuntu-20.04] => (item={'regexp': '^max_input_time', 'line': 'max_input_time = 3600'})

TASK [Teste: As linhas do php.ini encontram-se alteradas ?] ******************************************************************************
ok: [ubuntu-20.04] => {
    "changed": false,
    "msg": "SUCESSO: O ficheiro php.ini foi alterado com sucesso"
}

PLAY RECAP *******************************************************************************************************************************
ubuntu-20.04               : ok=12   changed=0    unreachable=0    failed=0    skipped=0    rescued=0    ignored=0

INFO     Verifier completed successfully.
admlocal@devOps:~/leantime_ansible$ exit
exit
