admlocal@devOps:~/leantime_ansible$ nano molecule/default/verify.yml 
BBB[ A ler... ]BB[ 142 linhas lidas ]BB  GNU nano 4.8                                          molecule/default/verify.yml                                                       BB^GB AjudaB^OB GravarB^WB ProcurarB^KB Cortar txt    B^JB Justificar    B^CB Pos cursor    BM-UB Desfazer     BM-AB Marcar txtB^XB SairB^RB CarregarB^\B Substituir    B^UB Colar txt     B^TB Ortografia    B^_B Ir p/ linha   BM-EB RefazerBM-6B Copiar txtB---# Tutorial de inspiração para a infraestrutura conduzida por teste no site# https://www.adictosaltrabajo.com/2020/05/08/ansible-testing-using-molecule-with-ansible-as-verifier/B- name: "Infraestrutura conduzida por testes"hosts: allgather_facts: falsebecome: truetasks:- name: "Simulação: Atualizar a cache do sistema"apt:update_cache: truecache_valid_time: 3600check_mode: trueregister: estado- name: "teste: a cache encontra-se actualizada?"assert:that:- not estado.changedsuccess_msg: "SUCESSO: A cache está atualizada"fail_msg: "ERRO: Existem actualizações pendentes"- name: "Atualizar o sistema operativo (equivalente a apt upgrade)"apt:upgrade: safecheck_mode: trueregister: estado- name: "teste: o sistema operativo encontra-se atualizado?"assert:that:- not estado.changedsuccess_msg: "SUCESSO: O sistema operativo está atualizado" - not estado.changed success_msg: "SUCESSO: O sistema operativo está atualizado" fail_msg: "ERRO: Existem actualizações pendentes"  - name: "Teste: a cache encontra-se atualizada?"  assert:    that:    - not estado.changedsuccess_msg: "SUCESSO: A cache está atualizada"    fail_msg: "ERRO: Existem atualizações pendentes"  - name: "Simulação: testa se as aplicações dependencia do software leantime se encontram instaladas"apt:pkg:  - mc  - screen- git    - apache2  - mysql-server- phpphp-mysql- php-ldap- php-cli- php-soap    - php-json  - graphviz- php-xml  - php-gd  - php-zip- libapache2-mod-php    - php-dev  - libmcrypt-dev- gccmake- autoconf- make- autoconf- libc-dev- pkg-config- pwgen- curl- unzip- zip- php-mbstring- expect- net-tools- python3-mysqldb- python3-aptpython3-pycurlcheck_mode: trueregister: estados dependencias encontra-se instaladas?"s dependencias estavam instaladas"Faltam instalar algumas dependencias. O software pode estar parcialmente instalado"  # Fonte de inspiração: https://docs.ansible.com/ansible/latest/collections/ansible/builtin/service_module.htmlB- name: "Simulação: Testar se o serviço apache2 se encontra instalado, iniciado e ativo no arranque"service:name: apache2state: startedenabled: truecheck_mode: trueregister: estado  - name: "Teste: O serviço apache2 encontra-se ativo no arranque no sistema, e está iniciado?"assert:  - name: "Teste: O serviço apache2 encontra-se ativo no arranque no sistema, e está iniciado?"assert:that:not estado.changedsuccess_msg: "SUCESSO: O serviço apache2 está correctamente instalado e inicia com o arranque do sistema"fail_msg: "ERRO: O serviço apache2 não se encontra correctamente instalado"  # Fonte: https://www.mydailytutorials.com/using-ansible-find-module-search-filesfolderB- name: "Rotina Auxiliar> Procura o caminho do ficheiro php.ini do servidor apache2"find:paths: /etcpatterns: "php.ini"recurse: trueregister: caminho_php_ini  # Fonte: https://docs.ansible.com/ansible/latest/collections/ansible/builtin/lineinfile_module.htmlB- name: "Simulação: Ativa a opção file_uploads no ficheiro php.ini, utilizando o módulo lineinfile."  ansible.builtin.lineinfile:  path: "{{ caminho_php_ini.files[0].path }}"regexp: "{{ item.regexp  }}"line: "{{ item.line }}"with_items:- regexp: "^file_uploads"line: "file_uploads = 1" - regexp: "^upload_max_filesize" line: "upload_max_filesize = 1G"  - regexp: "^max_file_uploads"  line: "max_file_uploads = 20"- regexp: "^post_max_size"  line: "post_max_size = 2G"  - regexp: "^memory_limit"    line: "memory_limit = 2G"- regexp: "^max_input_time" line: "max_input_time = 3600"check_mode: trueline: "max_input_time = 3600"check_mode: trueregister: estadoAs linhas do php.ini encontram-se alteradas ?"ficheiro php.ini foi alterado com sucesso"Algumas alterações ao ficheiro php.ini não tiveram sucesso"BModificadoB      #B BOB BsBiBtBeB BdBeBvBeB BeBxBiBsBtBiBrB BnBaB BpBaBsBtBaB B/BvBaBrB/BwBwBwB/BlBeBaBnBtBiBmBeB.B BEBsBtBeB BtBeBsBtBeB BvBiBsBaB BdBeBtBeBrBmBiBnBaBrB BsBeB BaB BpBaBsBtBaB    #B BeBxBiBsBtBeB BeB BsBeB BtBeBmBaBsB BpBeBrBmBiBsBsBõBeBsB BcBeBrBtBaBsB    #B BFBoBnBtBeB BdBeB BiBnBsBpBiBrBaBçBãBoB:B BhBtBtBpBsB:B/B/BdBoBcBsB.BaBnBsBiBbBlBeB.BcBoBmB/BaBnBsBiBbBlBeB/BlBaBtBeBsBtB/BcBoBlBlBeBcBtBiBoBnBsB/BaBnBsBiBbBlBeB/BbBuBiBlBtBiBnB/BsBtBaBtB_BmBoBdBuBlBeB.BhBtBmBlB  - name: "Simulação: Obtem informação sobre a pastas /var/www/leantime"    stat:      path: "/var/www/leantime"    register: pasta   - name: "Teste: A pasta /var/www/leantime existe e tem as permissões certas?"    assert:      that:        - pasta.stat.exists        - pasta.stat.isdir        - pasta.stat.mode == "0755"        - pasta.stat.pw_name == "www-data"        - pasta.stat.gr_name == "www-data"      success_msg: "SUCESSO: Permissões correctas no site leantime"      fail_msg: "ERRO: Permissões incorrectas no site leantime"         BM-DB Formato DOSBM-AB AnexarBBB SegurançaBCB Cancelar           BM-MB Formato MacBM-PB PreporB^TB P/ ficheirosBNome do ficheiro onde escrever: molecule/default/verify.yml                                                                               B B[ A escrever... ]BB          BB[ 164 linhas escritas ]BB^OB GravarB^WB Procurar      B^KB Cortar txt    B^JB Justificar    B^CB Pos cursorBUB Desfazer     BM-AB Marcar txtBXB Sair    B^RB CarregarB^\B Substituir    B^UB Colar txt     B^TB Ortografia    B^_B Ir p/ linha   BM-EB Refazer      BM-6B Copiar txtBModificadoB
         BM-DB Formato DOSBM-AB AnexarBBB SegurançaBCB Cancelar           BM-MB Formato MacBM-PB PreporB^TB P/ ficheirosBNome do ficheiro onde escrever: molecule/default/verify.yml                                                                               B B[ A escrever... ]BB          BB[ 162 linhas escritas ]BB^OB GravarB^WB Procurar      B^KB Cortar txt    B^JB Justificar    B^CB Pos cursorBUB Desfazer     BM-AB Marcar txtBXB Sair    B^RB CarregarB^\B Substituir    B^UB Colar txt     B^TB Ortografia    B^_B Ir p/ linha   BM-EB Refazer      BM-6B Copiar txtadmlocal@devOps:~/leantime_ansible$ ansible-lin molecule/t molecule/default/verify.yml 
Loading custom .yamllint config file, this extends our internal yamllint config.
WARNING  Listing 1 violation(s) that are fatal
yaml: too many blank lines (1 > 0) (empty-lines)
molecule/default/verify.yml:162

You can skip specific rules or tags by adding them to your configuration file:
# .ansible-lint
warn_list:  # or 'skip_list' to silence them completely
  - yaml  # Violations reported by yamllint
Finished with 1 failure(s), 0 warning(s) on 1 files.
admlocal@devOps:~/leantime_ansible$ ansible-lint molecule/default/verify.yml nano
BBB[ A ler... ]BB[ 162 linhas lidas ]BB  GNU nano 4.8                                          molecule/default/verify.yml                                                       BB^GB AjudaB^OB GravarB^WB ProcurarB^KB Cortar txt    B^JB Justificar    B^CB Pos cursor    BM-UB Desfazer     BM-AB Marcar txtB^XB SairB^RB CarregarB^\B Substituir    B^UB Colar txt     B^TB Ortografia    B^_B Ir p/ linha   BM-EB RefazerBM-6B Copiar txtB---# Tutorial de inspiração para a infraestrutura conduzida por teste no site# https://www.adictosaltrabajo.com/2020/05/08/ansible-testing-using-molecule-with-ansible-as-verifier/B- name: "Infraestrutura conduzida por testes"hosts: allgather_facts: falsebecome: truetasks:- name: "Simulação: Atualizar a cache do sistema"apt:update_cache: truecache_valid_time: 3600check_mode: trueregister: estado- name: "teste: a cache encontra-se actualizada?"assert:that:- not estado.changedsuccess_msg: "SUCESSO: A cache está atualizada"fail_msg: "ERRO: Existem actualizações pendentes"- name: "Atualizar o sistema operativo (equivalente a apt upgrade)"apt:upgrade: safecheck_mode: trueregister: estado- name: "teste: o sistema operativo encontra-se atualizado?"assert:that:- not estado.changedsuccess_msg: "SUCESSO: O sistema operativo está atualizado"         In. parágB^YB Prim.linhaB^TB Ir para txtBCB Cancelar           BOB Fim parágBVB Últ. linhaBInsira nº da linha, nº da coluna:                                                                                                         BB1BB6BB2BB^OB GravarProcurar      B^KB Cortar txt    B^JB Justificar    B^CB Pos cursor    BM-UB Desfazer     BM-AB Marcar txtBXB Sair    B^RB CarregarB\B Substituir    B^UB Colar txtBTB Ortografia    B^_B Ir p/ linha   BM-EB RefazerBM-6B Copiar txt  # existe e se temas permissões certas  # Fonte de inspiração: https://docs.ansible.com/ansible/latest/collections/ansible/builtin/stat_module.htmlB  - name: "Simulação: Obtem informação sobre a pastas /var/www/leantime"stat: path: "/var/www/leantime"  register: pasta  - name: "Teste: A pasta /var/www/leantime existe e tem as permissões certas?"assert:    that: - pasta.stat.exists    - pasta.stat.isdir  - pasta.stat.mode == "0755"  - pasta.stat.pw_name == "www-data"    - pasta.stat.gr_name == "www-data"  success_msg: "SUCESSO: Permissões correctas no site leantime"fail_msg: "ERRO: Permissões incorrectas no site leantime"BModificadoB         BM-DB Formato DOSBM-AB AnexarBBB SegurançaBCB Cancelar           BM-MB Formato MacBM-PB PreporB^TB P/ ficheirosBNome do ficheiro onde escrever: molecule/default/verify.yml                                                                               B B[ A escrever... ]BB          BB[ 161 linhas escritas ]BB^OB GravarB^WB Procurar      B^KB Cortar txt    B^JB Justificar    B^CB Pos cursorBUB Desfazer     BM-AB Marcar txtBXB Sair    B^RB CarregarB^\B Substituir    B^UB Colar txt     B^TB Ortografia    B^_B Ir p/ linha   BM-EB Refazer      BM-6B Copiar txtadmlocal@devOps:~/leantime_ansible$ nano molecule/default/verify.yml ansible-lint
Loading custom .yamllint config file, this extends our internal yamllint config.
admlocal@devOps:~/leantime_ansible$ molecule verify
INFO     default scenario test matrix: verify
INFO     Performing prerun...
INFO     Using .cache/roles/nunomourinho.leantime_ansible symlink to current repository in order to enable Ansible to find the role using its expected full name.
INFO     Added ANSIBLE_ROLES_PATH=~/.ansible/roles:/usr/share/ansible/roles:/etc/ansible/roles:./.cache/roles
INFO     Running default > verify
INFO     Running Ansible Verifier

PLAY [Infraestrutura conduzida por testes] ***********************************************************************************************

TASK [Simulação: Atualizar a cache do sistema] *******************************************************************************************
ok: [ubuntu-20.04]

TASK [teste: a cache encontra-se actualizada?] *******************************************************************************************
ok: [ubuntu-20.04] => {
    "changed": false,
    "msg": "SUCESSO: A cache está atualizada"
}

TASK [Atualizar o sistema operativo (equivalente a apt upgrade)] *************************************************************************
ok: [ubuntu-20.04]

TASK [teste: o sistema operativo encontra-se atualizado?] ********************************************************************************
ok: [ubuntu-20.04] => {
    "changed": false,
    "msg": "SUCESSO: O sistema operativo está atualizado"
}

TASK [Teste: a cache encontra-se atualizada?] ********************************************************************************************
ok: [ubuntu-20.04] => {
    "changed": false,
    "msg": "SUCESSO: A cache está atualizada"
}

TASK [Simulação: testa se as aplicações dependencia do software leantime se encontram instaladas] ****************************************
ok: [ubuntu-20.04]

TASK [Teste: as dependencias encontra-se instaladas?] ************************************************************************************
ok: [ubuntu-20.04] => {
    "changed": false,
    "msg": "SUCESSO: As dependencias estavam instaladas"
}

TASK [Simulação: Testar se o serviço apache2 se encontra instalado, iniciado e ativo no arranque] ****************************************
ok: [ubuntu-20.04]

TASK [Teste: O serviço apache2 encontra-se ativo no arranque no sistema, e está iniciado?] ***********************************************
ok: [ubuntu-20.04] => {
    "changed": false,
    "msg": "SUCESSO: O serviço apache2 está correctamente instalado e inicia com o arranque do sistema"
}

TASK [Rotina Auxiliar> Procura o caminho do ficheiro php.ini do servidor apache2] ********************************************************
ok: [ubuntu-20.04]

TASK [Simulação: Ativa a opção file_uploads no ficheiro php.ini, utilizando o módulo lineinfile.] ****************************************
ok: [ubuntu-20.04] => (item={'regexp': '^file_uploads', 'line': 'file_uploads = 1'})
ok: [ubuntu-20.04] => (item={'regexp': '^upload_max_filesize', 'line': 'upload_max_filesize = 1G'})
ok: [ubuntu-20.04] => (item={'regexp': '^max_file_uploads', 'line': 'max_file_uploads = 20'})
ok: [ubuntu-20.04] => (item={'regexp': '^post_max_size', 'line': 'post_max_size = 2G'})
ok: [ubuntu-20.04] => (item={'regexp': '^memory_limit', 'line': 'memory_limit = 2G'})
ok: [ubuntu-20.04] => (item={'regexp': '^max_input_time', 'line': 'max_input_time = 3600'})

TASK [Teste: As linhas do php.ini encontram-se alteradas ?] ******************************************************************************
ok: [ubuntu-20.04] => {
    "changed": false,
    "msg": "SUCESSO: O ficheiro php.ini foi alterado com sucesso"
}

TASK [Simulação: Obtem informação sobre a pastas /var/www/leantime] **********************************************************************
ok: [ubuntu-20.04]

TASK [Teste: A pasta /var/www/leantime existe e tem as permissões certas?] ***************************************************************
fatal: [ubuntu-20.04]: FAILED! => {
    "assertion": "pasta.stat.exists",
    "changed": false,
    "evaluated_to": false,
    "msg": "ERRO: Permissões incorrectas no site leantime"
}

PLAY RECAP *******************************************************************************************************************************
ubuntu-20.04               : ok=13   changed=0    unreachable=0    failed=1    skipped=0    rescued=0    ignored=0


CRITICAL Ansible return code was 2, command was: ansible-playbook --inventory /home/admlocal/.cache/molecule/leantime_ansible/default/inventory --skip-tags molecule-notest,notest /home/admlocal/leantime_ansible/molecule/default/verify.yml
admlocal@devOps:~/leantime_ansible$ exit
exit
admlocal@devOps:~/leantime_ansible$ nano molecule/default/verify.yml 
BBB[ A ler... ]BB[ 161 linhas lidas ]BB  GNU nano 4.8                                          molecule/default/verify.yml                                                       BB^GB AjudaB^OB GravarB^WB ProcurarB^KB Cortar txt    B^JB Justificar    B^CB Pos cursor    BM-UB Desfazer     BM-AB Marcar txtB^XB SairB^RB CarregarB^\B Substituir    B^UB Colar txt     B^TB Ortografia    B^_B Ir p/ linha   BM-EB RefazerBM-6B Copiar txtB---# Tutorial de inspiração para a infraestrutura conduzida por teste no site# https://www.adictosaltrabajo.com/2020/05/08/ansible-testing-using-molecule-with-ansible-as-verifier/B- name: "Infraestrutura conduzida por testes"hosts: allgather_facts: falsebecome: truetasks:- name: "Simulação: Atualizar a cache do sistema"apt:update_cache: truecache_valid_time: 3600check_mode: trueregister: estado- name: "teste: a cache encontra-se actualizada?"assert:that:- not estado.changedsuccess_msg: "SUCESSO: A cache está atualizada"fail_msg: "ERRO: Existem actualizações pendentes"- name: "Atualizar o sistema operativo (equivalente a apt upgrade)"apt:upgrade: safecheck_mode: trueregister: estado- name: "teste: o sistema operativo encontra-se atualizado?"assert:that:- not estado.changedsuccess_msg: "SUCESSO: O sistema operativo está atualizado" - not estado.changed success_msg: "SUCESSO: O sistema operativo está atualizado" fail_msg: "ERRO: Existem actualizações pendentes"  - name: "Teste: a cache encontra-se atualizada?"  assert:    that:    - not estado.changedsuccess_msg: "SUCESSO: A cache está atualizada"    fail_msg: "ERRO: Existem atualizações pendentes"  - name: "Simulação: testa se as aplicações dependencia do software leantime se encontram instaladas"apt:pkg:  - mc  - screen- git    - apache2  - mysql-server- phpphp-mysql- php-ldap- php-cli- php-soap    - php-json  - graphviz- php-xml  - php-gd  - php-zip- libapache2-mod-php    - php-dev  - libmcrypt-dev- gccmake- autoconf- make- autoconf- libc-dev- pkg-config- pwgen- curl- unzip- zip- php-mbstring- expect- net-tools- python3-mysqldb- python3-aptpython3-pycurlcheck_mode: trueregister: estados dependencias encontra-se instaladas?"s dependencias estavam instaladas"Faltam instalar algumas dependencias. O software pode estar parcialmente instalado"  # Fonte de inspiração: https://docs.ansible.com/ansible/latest/collections/ansible/builtin/service_module.htmlB- name: "Simulação: Testar se o serviço apache2 se encontra instalado, iniciado e ativo no arranque"service:name: apache2state: startedenabled: truecheck_mode: trueregister: estado  - name: "Teste: O serviço apache2 encontra-se ativo no arranque no sistema, e está iniciado?"assert:  - name: "Teste: O serviço apache2 encontra-se ativo no arranque no sistema, e está iniciado?"assert:that:not estado.changedsuccess_msg: "SUCESSO: O serviço apache2 está correctamente instalado e inicia com o arranque do sistema"fail_msg: "ERRO: O serviço apache2 não se encontra correctamente instalado"  # Fonte: https://www.mydailytutorials.com/using-ansible-find-module-search-filesfolderB- name: "Rotina Auxiliar> Procura o caminho do ficheiro php.ini do servidor apache2"find:paths: /etcpatterns: "php.ini"recurse: trueregister: caminho_php_ini  # Fonte: https://docs.ansible.com/ansible/latest/collections/ansible/builtin/lineinfile_module.htmlB- name: "Simulação: Ativa a opção file_uploads no ficheiro php.ini, utilizando o módulo lineinfile."  ansible.builtin.lineinfile:  path: "{{ caminho_php_ini.files[0].path }}"regexp: "{{ item.regexp  }}"line: "{{ item.line }}"with_items:- regexp: "^file_uploads"line: "file_uploads = 1" - regexp: "^upload_max_filesize" line: "upload_max_filesize = 1G"  - regexp: "^max_file_uploads"  line: "max_file_uploads = 20"- regexp: "^post_max_size"  line: "post_max_size = 2G"  - regexp: "^memory_limit"    line: "memory_limit = 2G"- regexp: "^max_input_time" line: "max_input_time = 3600"check_mode: trueline: "max_input_time = 3600"check_mode: trueregister: estadoAs linhas do php.ini encontram-se alteradas ?"ficheiro php.ini foi alterado com sucesso"Algumas alterações ao ficheiro php.ini não tiveram sucesso"O site deve existir na pasta /var/www/leantime. Este teste visa determinar se a pasta  # existe e se temas permissões certas  # Fonte de inspiração: https://docs.ansible.com/ansible/latest/collections/ansible/builtin/stat_module.htmlB- name: "Simulação: Obtem informação sobre a pastas /var/www/leantime"    stat:    path: "/var/www/leantime"register: pasta  - name: "Teste: A pasta /var/www/leantime existe e tem as permissões certas?"assert:  that:  - pasta.stat.exists- pasta.stat.isdir  - pasta.stat.mode == "0755"- pasta.stat.pw_name == "www-data"  - pasta.stat.gr_name == "www-data"success_msg: "SUCESSO: Permissões correctas no site leantime"fail_msg: "ERRO: Permissões incorrectas no site leantime"BModificadoB "o"u" "s"e""i"t"e" """""""""" "o"u" "s"i"t"e" "n"ã"o" "e"x"i"s"t"e"n"t"e"         BM-DB Formato DOSBM-AB AnexarBBB SegurançaBCB Cancelar           BM-MB Formato MacBM-PB PreporB^TB P/ ficheirosBNome do ficheiro onde escrever: molecule/default/verify.yml                                                                               B B[ A escrever... ]BB          BB[ 161 linhas escritas ]BB^OB GravarB^WB Procurar      B^KB Cortar txt    B^JB Justificar    B^CB Pos cursorBUB Desfazer     BM-AB Marcar txtBXB Sair    B^RB CarregarB^\B Substituir    B^UB Colar txt     B^TB Ortografia    B^_B Ir p/ linha   BM-EB Refazer      BM-6B Copiar txtadmlocal@devOps:~/leantime_ansible$ exit
exit
admlocal@devOps:~/leantime_ansible$ molecule verify
INFO     default scenario test matrix: verify
INFO     Performing prerun...
INFO     Using .cache/roles/nunomourinho.leantime_ansible symlink to current repository in order to enable Ansible to find the role using its expected full name.
INFO     Added ANSIBLE_ROLES_PATH=~/.ansible/roles:/usr/share/ansible/roles:/etc/ansible/roles:./.cache/roles
INFO     Running default > verify
INFO     Running Ansible Verifier

PLAY [Infraestrutura conduzida por testes] ***********************************************************************************************

TASK [Simulação: Atualizar a cache do sistema] *******************************************************************************************
ok: [ubuntu-20.04]

TASK [teste: a cache encontra-se actualizada?] *******************************************************************************************
ok: [ubuntu-20.04] => {
    "changed": false,
    "msg": "SUCESSO: A cache está atualizada"
}

TASK [Atualizar o sistema operativo (equivalente a apt upgrade)] *************************************************************************
ok: [ubuntu-20.04]

TASK [teste: o sistema operativo encontra-se atualizado?] ********************************************************************************
ok: [ubuntu-20.04] => {
    "changed": false,
    "msg": "SUCESSO: O sistema operativo está atualizado"
}

TASK [Teste: a cache encontra-se atualizada?] ********************************************************************************************
ok: [ubuntu-20.04] => {
    "changed": false,
    "msg": "SUCESSO: A cache está atualizada"
}

TASK [Simulação: testa se as aplicações dependencia do software leantime se encontram instaladas] ****************************************
ok: [ubuntu-20.04]

TASK [Teste: as dependencias encontra-se instaladas?] ************************************************************************************
ok: [ubuntu-20.04] => {
    "changed": false,
    "msg": "SUCESSO: As dependencias estavam instaladas"
}

TASK [Simulação: Testar se o serviço apache2 se encontra instalado, iniciado e ativo no arranque] ****************************************
ok: [ubuntu-20.04]

TASK [Teste: O serviço apache2 encontra-se ativo no arranque no sistema, e está iniciado?] ***********************************************
ok: [ubuntu-20.04] => {
    "changed": false,
    "msg": "SUCESSO: O serviço apache2 está correctamente instalado e inicia com o arranque do sistema"
}

TASK [Rotina Auxiliar> Procura o caminho do ficheiro php.ini do servidor apache2] ********************************************************
ok: [ubuntu-20.04]

TASK [Simulação: Ativa a opção file_uploads no ficheiro php.ini, utilizando o módulo lineinfile.] ****************************************
ok: [ubuntu-20.04] => (item={'regexp': '^file_uploads', 'line': 'file_uploads = 1'})
ok: [ubuntu-20.04] => (item={'regexp': '^upload_max_filesize', 'line': 'upload_max_filesize = 1G'})
ok: [ubuntu-20.04] => (item={'regexp': '^max_file_uploads', 'line': 'max_file_uploads = 20'})
ok: [ubuntu-20.04] => (item={'regexp': '^post_max_size', 'line': 'post_max_size = 2G'})
ok: [ubuntu-20.04] => (item={'regexp': '^memory_limit', 'line': 'memory_limit = 2G'})
ok: [ubuntu-20.04] => (item={'regexp': '^max_input_time', 'line': 'max_input_time = 3600'})

TASK [Teste: As linhas do php.ini encontram-se alteradas ?] ******************************************************************************
ok: [ubuntu-20.04] => {
    "changed": false,
    "msg": "SUCESSO: O ficheiro php.ini foi alterado com sucesso"
}

TASK [Simulação: Obtem informação sobre a pastas /var/www/leantime] **********************************************************************
ok: [ubuntu-20.04]

TASK [Teste: A pasta /var/www/leantime existe e tem as permissões certas?] ***************************************************************
fatal: [ubuntu-20.04]: FAILED! => {
    "assertion": "pasta.stat.exists",
    "changed": false,
    "evaluated_to": false,
    "msg": "ERRO: Permissões incorrectas no site leantime ou site não existente"
}

PLAY RECAP *******************************************************************************************************************************
ubuntu-20.04               : ok=13   changed=0    unreachable=0    failed=1    skipped=0    rescued=0    ignored=0


CRITICAL Ansible return code was 2, command was: ansible-playbook --inventory /home/admlocal/.cache/molecule/leantime_ansible/default/inventory --skip-tags molecule-notest,notest /home/admlocal/leantime_ansible/molecule/default/verify.yml
admlocal@devOps:~/leantime_ansible$ exit
exit
