admlocal@devOps:~/leantime_ansible$ nano tasks&/tasks.yml 
BBB[ A ler... ]BB[ 93 linhas lidas ]BB  GNU nano 4.8                                                tasks/tasks.yml                                                             BB^GB AjudaB^OB GravarB^WB ProcurarB^KB Cortar txt    B^JB Justificar    B^CB Pos cursor    BM-UB Desfazer     BM-AB Marcar txtB^XB SairB^RB CarregarB^\B Substituir    B^UB Colar txt     B^TB Ortografia    B^_B Ir p/ linha   BM-EB RefazerBM-6B Copiar txtB---- name: Atualiza a cache (equivalente a apt update)apt:update_cache: truecache_valid_time: 3600- name: "Atualiza o sistema operativo"apt:upgrade: safe- name: "Instalar as dependencias necessária ao programa leantime"apt:pkg:- mc- screen- git- apache2- mysql-server- php- php-mysql- php-ldap- php-cli- php-soap- php-json- graphviz- php-xml- php-gd- php-zip- libapache2-mod-php- php-dev- libmcrypt-dev- gcc- make- autoconf- libc-dev - autoconf    - libc-dev  - pkg-config- pwgen- curl- unzip    - zip  - php-mbstring- expect- net-tools    - python3-mysqldb  - python3-apt- python3-pycurl   # Fonte de inspiração: https://docs.ansible.com/ansible/latest/collections/ansible/builtin/service_module.htmlB- name: "Instala o serviço apache2 no arranque do sistema"service:name: apache2state: startedenabled: true   # Fonte: https://www.mydailytutorials.com/using-ansible-find-module-search-filesfolderB- name: "Rotina Auxiliar: Procura o caminho do ficheiro php.ini do servidor apache2"find:paths: /etcpatterns: "php.ini"recurse: trueregister: caminho_php_ini   # Fonte: https://docs.ansible.com/ansible/latest/collections/ansible/builtin/lineinfile_module.htmlB- name: "Ativa várias opções no ficheiro php.ini, utilizando o módulo lineinfile."ansible.builtin.lineinfile:path: "{{ caminho_php_ini.files[0].path }}"regexp: "{{ item.regexp  }}"line: "{{ item.line }}"regexp: "{{ item.regexp  }}"line: "{{ item.line }}"with_items:regexp: "^file_uploads"  line: "file_uploads = 1"regexp: "^upload_max_filesize"  line: "upload_max_filesize = 1G"regexp: "^max_file_uploads"  line: "max_file_uploads = 20"regexp: "^post_max_size"  line: "post_max_size = 2G"regexp: "^memory_limit"  line: "memory_limit = 2G"- regexp: "^max_input_time" line: "max_input_time = 3600"   # Fonte: https://docs.ansible.com/ansible/2.7/modules/file_module.htmlB- name: Cria a directoria temporária leantime e a directoria de apache leantimefile:path: "{{ item.path }}"state: directory mode: 0755    owner: www-data  group: www-datawith_items:- path: "/tmp/leantime"- path: "/var/www/leantime"BModificadoB      #B BFBoBnBtBeB:B BABnBsBiBbBlBeB BfBoBrB BDBeBvBOBpBsB B-B BSBeBrBvBeBrB BaBnBdB BcBoBnBfBiBgBuBrBaBtBiBoBnB BmBaBnBaBgBeBmBeBnBtB BfBoBrB BhBuBmBaBnBsB BdBeB BJBeBfBfB BGBeBeBrBlBiBnBgB,B BpBáBgBiBnBaB B9B8B   - name: "Cria a base de dados de mysql para o leantime"     mysql_db: "db=leantime_database state=present"   - name: "Cria o utilizador para a base de dados leantime"     mysql_user:       name: leantimeDBadmin
       password: "#S3gr3d0S3cr3t0#"
       priv: "leantime_database.*:ALL"
       host: localhost
       state: present

         BM-DB Formato DOSBM-AB AnexarBBB SegurançaBCB Cancelar           BM-MB Formato MacBM-PB PreporB^TB P/ ficheirosBNome do ficheiro onde escrever: tasks/tasks.yml                                                                                           B B[ A escrever... ]BB          BB[ 107 linhas escritas ]BB^OB GravarB^WB Procurar      B^KB Cortar txt    B^JB Justificar    B^CB Pos cursorBUB Desfazer     BM-AB Marcar txtBXB Sair    B^RB CarregarB^\B Substituir    B^UB Colar txt     B^TB Ortografia    B^_B Ir p/ linha   BM-EB Refazer      BM-6B Copiar txt
BModificadoB         BM-DB Formato DOSBM-AB AnexarBBB SegurançaBCB Cancelar           BM-MB Formato MacBM-PB PreporB^TB P/ ficheirosBNome do ficheiro onde escrever: tasks/tasks.yml                                                                                           B B[ A escrever... ]BB          BB[ 105 linhas escritas ]BB^OB GravarB^WB Procurar      B^KB Cortar txt    B^JB Justificar    B^CB Pos cursorBUB Desfazer     BM-AB Marcar txtBXB Sair    B^RB CarregarB^\B Substituir    B^UB Colar txt     B^TB Ortografia    B^_B Ir p/ linha   BM-EB Refazer      BM-6B Copiar txtadmlocal@devOps:~/leantime_ansible$ anano vars/main.yml 
BBB[ A ler... ]BB[ 2 linhas lidas ]BB  GNU nano 4.8                                                 vars/main.yml                                                              BB^GB AjudaB^OB GravarB^WB ProcurarB^KB Cortar txt    B^JB Justificar    B^CB Pos cursor    BM-UB Desfazer     BM-AB Marcar txtB^XB SairB^RB CarregarB^\B Substituir    B^UB Colar txt     B^TB Ortografia    B^_B Ir p/ linha   BM-EB RefazerBM-6B Copiar txtB---# vars file for leantime_ansibleBBModificadoB         BM-DB Formato DOSBM-AB AnexarBBB SegurançaBCB Cancelar           BM-MB Formato MacBM-PB PreporB^TB P/ ficheirosBNome do ficheiro onde escrever: vars/main.yml                                                                                             B B[ A escrever... ]BB          BB[ 1 linha escrita ]BB^OB GravarB^WB Procurar      B^KB Cortar txt    B^JB Justificar    B^CB Pos cursorBUB Desfazer     BM-AB Marcar txtBXB Sair    B^RB CarregarB^\B Substituir    B^UB Colar txt     B^TB Ortografia    B^_B Ir p/ linha   BM-EB Refazer      BM-6B Copiar txtBModificadoB    login_leantime: leantimeDBadmin    password_leantime: "#S3gr3d0S3cr3t0#"         BM-DB Formato DOSBM-AB AnexarBBB SegurançaBCB Cancelar           BM-MB Formato MacBM-PB PreporB^TB P/ ficheirosBNome do ficheiro onde escrever: vars/main.yml                                                                                             B B[ A escrever... ]BB          BB[ 5 linhas escritas ]BB^OB GravarB^WB Procurar      B^KB Cortar txt    B^JB Justificar    B^CB Pos cursorBUB Desfazer     BM-AB Marcar txtBXB Sair    B^RB CarregarB^\B Substituir    B^UB Colar txt     B^TB Ortografia    B^_B Ir p/ linha   BM-EB Refazer      BM-6B Copiar txtadmlocal@devOps:~/leantime_ansible$ nano vars/main.yml tasks/tasks
BBB[ A ler... ]BB[ 105 linhas lidas ]BB  GNU nano 4.8                                                tasks/tasks.yml                                                             BB^GB AjudaB^OB GravarB^WB ProcurarB^KB Cortar txt    B^JB Justificar    B^CB Pos cursor    BM-UB Desfazer     BM-AB Marcar txtB^XB SairB^RB CarregarB^\B Substituir    B^UB Colar txt     B^TB Ortografia    B^_B Ir p/ linha   BM-EB RefazerBM-6B Copiar txtB---- name: Atualiza a cache (equivalente a apt update)apt:update_cache: truecache_valid_time: 3600- name: "Atualiza o sistema operativo"apt:upgrade: safe- name: "Instalar as dependencias necessária ao programa leantime"apt:pkg:- mc- screen- git- apache2- mysql-server- php- php-mysql- php-ldap- php-cli- php-soap- php-json- graphviz- php-xml- php-gd- php-zip- libapache2-mod-php- php-dev- libmcrypt-dev- gcc- make- autoconf- libc-dev - autoconf    - libc-dev  - pkg-config- pwgen- curl- unzip    - zip  - php-mbstring- expect- net-tools    - python3-mysqldb  - python3-apt- python3-pycurl   # Fonte de inspiração: https://docs.ansible.com/ansible/latest/collections/ansible/builtin/service_module.htmlB- name: "Instala o serviço apache2 no arranque do sistema"service:name: apache2state: startedenabled: true   # Fonte: https://www.mydailytutorials.com/using-ansible-find-module-search-filesfolderB- name: "Rotina Auxiliar: Procura o caminho do ficheiro php.ini do servidor apache2"find:paths: /etcpatterns: "php.ini"recurse: trueregister: caminho_php_ini   # Fonte: https://docs.ansible.com/ansible/latest/collections/ansible/builtin/lineinfile_module.htmlB- name: "Ativa várias opções no ficheiro php.ini, utilizando o módulo lineinfile."ansible.builtin.lineinfile:path: "{{ caminho_php_ini.files[0].path }}"regexp: "{{ item.regexp  }}"line: "{{ item.line }}"regexp: "{{ item.regexp  }}"line: "{{ item.line }}"with_items:regexp: "^file_uploads"  line: "file_uploads = 1"regexp: "^upload_max_filesize"  line: "upload_max_filesize = 1G"regexp: "^max_file_uploads"  line: "max_file_uploads = 20"regexp: "^post_max_size"  line: "post_max_size = 2G"regexp: "^memory_limit"  line: "memory_limit = 2G"- regexp: "^max_input_time" line: "max_input_time = 3600"   # Fonte: https://docs.ansible.com/ansible/2.7/modules/file_module.htmlB- name: Cria a directoria temporária leantime e a directoria de apache leantimefile:path: "{{ item.path }}"state: directory mode: 0755    owner: www-data  group: www-datawith_items:- path: "/tmp/leantime"- path: "/var/www/leantime"   # Fonte: Ansible for DevOps - Server and configuration management for humans de Jeff Geerling, página 98B   - name: "Cria a base de dados de mysql para o leantime"  mysql_db: "db=leantime_database state=present"- name: "Cria o utilizador para a base de dados leantime"mysql_user:name: leantimeDBadminmysql_user:name: leantimeDBadmin  password: "#S3gr3d0S3cr3t0#"priv: "leantime_database.*:ALL"host: localhoststate: presentBModificadoB

BGravar buffer modificado?                                                                                                                  SB SimB NB Não B^CB Cancelaradmlocal@devOps:~/leantime_ansible$ nano tasks/tasks.yml 
BBB[ A ler... ]BB[ 105 linhas lidas ]BB  GNU nano 4.8                                                tasks/tasks.yml                                                             BB^GB AjudaB^OB GravarB^WB ProcurarB^KB Cortar txt    B^JB Justificar    B^CB Pos cursor    BM-UB Desfazer     BM-AB Marcar txtB^XB SairB^RB CarregarB^\B Substituir    B^UB Colar txt     B^TB Ortografia    B^_B Ir p/ linha   BM-EB RefazerBM-6B Copiar txtB---- name: Atualiza a cache (equivalente a apt update)apt:update_cache: truecache_valid_time: 3600- name: "Atualiza o sistema operativo"apt:upgrade: safe- name: "Instalar as dependencias necessária ao programa leantime"apt:pkg:- mc- screen- git- apache2- mysql-server- php- php-mysql- php-ldap- php-cli- php-soap- php-json- graphviz- php-xml- php-gd- php-zip- libapache2-mod-php- php-dev- libmcrypt-dev- gcc- make- autoconf- libc-dev - autoconf    - libc-dev  - pkg-config- pwgen- curl- unzip    - zip  - php-mbstring- expect- net-tools    - python3-mysqldb  - python3-apt- python3-pycurl   # Fonte de inspiração: https://docs.ansible.com/ansible/latest/collections/ansible/builtin/service_module.htmlB- name: "Instala o serviço apache2 no arranque do sistema"service:name: apache2state: startedenabled: true   # Fonte: https://www.mydailytutorials.com/using-ansible-find-module-search-filesfolderB- name: "Rotina Auxiliar: Procura o caminho do ficheiro php.ini do servidor apache2"find:paths: /etcpatterns: "php.ini"recurse: trueregister: caminho_php_ini   # Fonte: https://docs.ansible.com/ansible/latest/collections/ansible/builtin/lineinfile_module.htmlB- name: "Ativa várias opções no ficheiro php.ini, utilizando o módulo lineinfile."ansible.builtin.lineinfile:path: "{{ caminho_php_ini.files[0].path }}"regexp: "{{ item.regexp  }}"line: "{{ item.line }}"regexp: "{{ item.regexp  }}"line: "{{ item.line }}"with_items:regexp: "^file_uploads"  line: "file_uploads = 1"regexp: "^upload_max_filesize"  line: "upload_max_filesize = 1G"regexp: "^max_file_uploads"  line: "max_file_uploads = 20"regexp: "^post_max_size"  line: "post_max_size = 2G"regexp: "^memory_limit"  line: "memory_limit = 2G"- regexp: "^max_input_time" line: "max_input_time = 3600"   # Fonte: https://docs.ansible.com/ansible/2.7/modules/file_module.htmlB- name: Cria a directoria temporária leantime e a directoria de apache leantimefile:path: "{{ item.path }}"state: directory mode: 0755    owner: www-data  group: www-datawith_items:- path: "/tmp/leantime"- path: "/var/www/leantime"   # Fonte: Ansible for DevOps - Server and configuration management for humans de Jeff Geerling, página 98B   - name: "Cria a base de dados de mysql para o leantime"  mysql_db: "db=leantime_database state=present"- name: "Cria o utilizador para a base de dados leantime"mysql_user:name: leantimeDBadminmysql_user:name: leantimeDBadmin  password: "#S3gr3d0S3cr3t0#"priv: "leantime_database.*:ALL"host: localhoststate: presentBModificadoB

 login_leantime }}"       password: "{

B[ Entrada literal ]B       name: "{{ login_leantime }}"       password: "{{ password_leantime }}"
- name: "Cria o utilizador para a base de dados leantime"mysql_db: "db=leantime_database state=present"- name: "Cria a base de dados de mysql para o leantime"   # Fonte: Ansible for DevOps - Server and configuration management for humans de Jeff Geerling, página 98B- path: "/var/www/leantime"- path: "/tmp/leantime"with_items:         BM-DB Formato DOSBM-AB AnexarBBB SegurançaBCB Cancelar           BM-MB Formato MacBM-PB PreporB^TB P/ ficheirosBNome do ficheiro onde escrever: tasks/tasks.yml                                                                                           B B[ A escrever... ]BB          BB[ 105 linhas escritas ]BB^OB GravarB^WB Procurar      B^KB Cortar txt    B^JB Justificar    B^CB Pos cursorBUB Desfazer     BM-AB Marcar txtBXB Sair    B^RB CarregarB^\B Substituir    B^UB Colar txt     B^TB Ortografia    B^_B Ir p/ linha   BM-EB Refazer      BM-6B Copiar txt

Use "fg" para retornar ao Nano.

[1]+  Interrompido            nano tasks/tasks.yml
admlocal@devOps:~/leantime_ansible$ molecule lint
INFO     default scenario test matrix: dependency, lint
INFO     Performing prerun...
INFO     Using .cache/roles/nunomourinho.leantime_ansible symlink to current repository in order to enable Ansible to find the role using its expected full name.
INFO     Added ANSIBLE_ROLES_PATH=~/.ansible/roles:/usr/share/ansible/roles:/etc/ansible/roles:./.cache/roles
INFO     Running default > dependency
WARNING  Skipping, missing the requirements file.
WARNING  Skipping, missing the requirements file.
INFO     Running default > lint
COMMAND: set -e
yamllint .
ansible-lint

./vars/main.yml
  5:1       error    too many blank lines (1 > 0)  (empty-lines)

CRITICAL Lint failed with error code 1
admlocal@devOps:~/leantime_ansible$ molecule lintnano tasks/tasks.yml vars/main.yml 
BBB[ A ler... ]BB[ 5 linhas lidas ]BB  GNU nano 4.8                                                 vars/main.yml                                                              BB^GB AjudaB^OB GravarB^WB ProcurarB^KB Cortar txt    B^JB Justificar    B^CB Pos cursor    BM-UB Desfazer     BM-AB Marcar txtB^XB SairB^RB CarregarB^\B Substituir    B^UB Colar txt     B^TB Ortografia    B^_B Ir p/ linha   BM-EB RefazerBM-6B Copiar txtB--- login_leantime: leantimeDBadminpassword_leantime: "#S3gr3d0S3cr3t0#"BModificadoB         BM-DB Formato DOSBM-AB AnexarBBB SegurançaBCB Cancelar           BM-MB Formato MacBM-PB PreporB^TB P/ ficheirosBNome do ficheiro onde escrever: vars/main.yml                                                                                             B B[ A escrever... ]BB          BB[ 4 linhas escritas ]BB^OB GravarB^WB Procurar      B^KB Cortar txt    B^JB Justificar    B^CB Pos cursorBUB Desfazer     BM-AB Marcar txtBXB Sair    B^RB CarregarB^\B Substituir    B^UB Colar txt     B^TB Ortografia    B^_B Ir p/ linha   BM-EB Refazer      BM-6B Copiar txtadmlocal@devOps:~/leantime_ansible$ nano vars/main.yml molecule lint
INFO     default scenario test matrix: dependency, lint
INFO     Performing prerun...
INFO     Using .cache/roles/nunomourinho.leantime_ansible symlink to current repository in order to enable Ansible to find the role using its expected full name.
INFO     Added ANSIBLE_ROLES_PATH=~/.ansible/roles:/usr/share/ansible/roles:/etc/ansible/roles:./.cache/roles
INFO     Running default > dependency
WARNING  Skipping, missing the requirements file.
WARNING  Skipping, missing the requirements file.
INFO     Running default > lint
COMMAND: set -e
yamllint .
ansible-lint

Loading custom .yamllint config file, this extends our internal yamllint config.
WARNING  Listing 1 violation(s) that are fatal
command-instead-of-shell: Use shell only when shell functionality is required
molecule/default/verify.yml:166 Task/Handler: Simulação: Verifica se é necessário criar a base de dados leantime_database

You can skip specific rules or tags by adding them to your configuration file:
# .ansible-lint
warn_list:  # or 'skip_list' to silence them completely
  - command-instead-of-shell  # Use shell only when shell functionality is required
Finished with 1 failure(s), 0 warning(s) on 38 files.
CRITICAL Lint failed with error code 2
admlocal@devOps:~/leantime_ansible$ nano .ansible-lint
BBB[ Novo ficheiro ]BB  GNU nano 4.8                                                 .ansible-lint                                                              BB^GB AjudaB^OB GravarB^WB ProcurarB^KB Cortar txt    B^JB Justificar    B^CB Pos cursor    BM-UB Desfazer     BM-AB Marcar txtB^XB SairB^RB CarregarB^\B Substituir    B^UB Colar txt     B^TB Ortografia    B^_B Ir p/ linha   BM-EB RefazerBM-6B Copiar txtBBModificadoBwarn_list:  # or 'skip_list' to silence them completely- command-instead-of-shell          BM-DB Formato DOSBM-AB AnexarBBB SegurançaBCB Cancelar           BM-MB Formato MacBM-PB PreporB^TB P/ ficheirosBNome do ficheiro onde escrever: .ansible-lint                                                                                             B B[ A escrever em FIFO... ]B    B[ A escrever... ]BB          BB[ 3 linhas escritas ]BB^OB GravarB^WB Procurar      B^KB Cortar txt    B^JB Justificar    B^CB Pos cursorBUB Desfazer     BM-AB Marcar txtBXB Sair    B^RB CarregarB^\B Substituir    B^UB Colar txt     B^TB Ortografia    B^_B Ir p/ linha   BM-EB Refazer      BM-6B Copiar txtadmlocal@devOps:~/leantime_ansible$ nano .ansible-lintmolecule lint
INFO     default scenario test matrix: dependency, lint
INFO     Performing prerun...
INFO     Using .cache/roles/nunomourinho.leantime_ansible symlink to current repository in order to enable Ansible to find the role using its expected full name.
INFO     Added ANSIBLE_ROLES_PATH=~/.ansible/roles:/usr/share/ansible/roles:/etc/ansible/roles:./.cache/roles
INFO     Running default > dependency
WARNING  Skipping, missing the requirements file.
WARNING  Skipping, missing the requirements file.
INFO     Running default > lint
COMMAND: set -e
yamllint .
ansible-lint

Loading custom .yamllint config file, this extends our internal yamllint config.
WARNING  Listing 1 violation(s) that are fatal
command-instead-of-shell: Use shell only when shell functionality is required
molecule/default/verify.yml:166 Task/Handler: Simulação: Verifica se é necessário criar a base de dados leantime_database

You can skip specific rules or tags by adding them to your configuration file:
# .ansible-lint
warn_list:  # or 'skip_list' to silence them completely
Finished with 0 failure(s), 1 warning(s) on 38 files.
admlocal@devOps:~/leantime_ansible$ molecule lintnano .ansible-lint
BBB[ A ler... ]BB[ 3 linhas lidas ]BB  GNU nano 4.8                                                 .ansible-lint                                                              BB^GB AjudaB^OB GravarB^WB ProcurarB^KB Cortar txt    B^JB Justificar    B^CB Pos cursor    BM-UB Desfazer     BM-AB Marcar txtB^XB SairB^RB CarregarB^\B Substituir    B^UB Colar txt     B^TB Ortografia    B^_B Ir p/ linha   BM-EB RefazerBM-6B Copiar txtBwarn_list:  # or 'skip_list' to silence them completely- command-instead-of-shellBModificadoBs_list:  # or 'skip_list' to silence them completelysk_list:  # or 'skip_list' to silence them completelyski_list:  # or 'skip_list' to silence them completelyskip_list:  # or 'skip_list' to silence them completely         BM-DB Formato DOSBM-AB AnexarBBB SegurançaBCB Cancelar           BM-MB Formato MacBM-PB PreporB^TB P/ ficheirosBNome do ficheiro onde escrever: .ansible-lint                                                                                             B B[ A escrever... ]BB          BB[ 3 linhas escritas ]BB^OB GravarB^WB Procurar      B^KB Cortar txt    B^JB Justificar    B^CB Pos cursorBUB Desfazer     BM-AB Marcar txtBXB Sair    B^RB CarregarB^\B Substituir    B^UB Colar txt     B^TB Ortografia    B^_B Ir p/ linha   BM-EB Refazer      BM-6B Copiar txt_ladmlocal@devOps:~/leantime_ansible$ nano .ansible-lintmolecule lint
INFO     default scenario test matrix: dependency, lint
INFO     Performing prerun...
INFO     Using .cache/roles/nunomourinho.leantime_ansible symlink to current repository in order to enable Ansible to find the role using its expected full name.
INFO     Added ANSIBLE_ROLES_PATH=~/.ansible/roles:/usr/share/ansible/roles:/etc/ansible/roles:./.cache/roles
INFO     Running default > dependency
WARNING  Skipping, missing the requirements file.
WARNING  Skipping, missing the requirements file.
INFO     Running default > lint
COMMAND: set -e
yamllint .
ansible-lint

Loading custom .yamllint config file, this extends our internal yamllint config.
admlocal@devOps:~/leantime_ansible$ molecule converge
INFO     default scenario test matrix: dependency, create, prepare, converge
INFO     Performing prerun...
INFO     Using .cache/roles/nunomourinho.leantime_ansible symlink to current repository in order to enable Ansible to find the role using its expected full name.
INFO     Added ANSIBLE_ROLES_PATH=~/.ansible/roles:/usr/share/ansible/roles:/etc/ansible/roles:./.cache/roles
INFO     Running default > dependency
WARNING  Skipping, missing the requirements file.
WARNING  Skipping, missing the requirements file.
INFO     Running default > create
WARNING  Skipping, instances already created.
INFO     Running default > prepare
WARNING  Skipping, instances already prepared.
INFO     Running default > converge

PLAY [Converge] **************************************************************************************************************************

TASK [Gathering Facts] *******************************************************************************************************************
ok: [ubuntu-20.04]

TASK [Include leantime_ansible] **********************************************************************************************************

TASK [leantime_ansible : Atualiza a cache (equivalente a apt update)] ********************************************************************
changed: [ubuntu-20.04]

TASK [leantime_ansible : Atualiza o sistema operativo] ***********************************************************************************
ok: [ubuntu-20.04]

TASK [leantime_ansible : Instalar as dependencias necessária ao programa leantime] *******************************************************
ok: [ubuntu-20.04]

TASK [leantime_ansible : Instala o serviço apache2 no arranque do sistema] ***************************************************************
ok: [ubuntu-20.04]

TASK [leantime_ansible : Rotina Auxiliar: Procura o caminho do ficheiro php.ini do servidor apache2] *************************************
ok: [ubuntu-20.04]

TASK [leantime_ansible : Ativa várias opções no ficheiro php.ini, utilizando o módulo lineinfile.] ***************************************
ok: [ubuntu-20.04] => (item={'regexp': '^file_uploads', 'line': 'file_uploads = 1'})
ok: [ubuntu-20.04] => (item={'regexp': '^upload_max_filesize', 'line': 'upload_max_filesize = 1G'})
ok: [ubuntu-20.04] => (item={'regexp': '^max_file_uploads', 'line': 'max_file_uploads = 20'})
ok: [ubuntu-20.04] => (item={'regexp': '^post_max_size', 'line': 'post_max_size = 2G'})
ok: [ubuntu-20.04] => (item={'regexp': '^memory_limit', 'line': 'memory_limit = 2G'})
ok: [ubuntu-20.04] => (item={'regexp': '^max_input_time', 'line': 'max_input_time = 3600'})

TASK [leantime_ansible : Cria a directoria temporária leantime e a directoria de apache leantime] ****************************************
ok: [ubuntu-20.04] => (item={'path': '/tmp/leantime'})
ok: [ubuntu-20.04] => (item={'path': '/var/www/leantime'})

TASK [leantime_ansible : Cria a base de dados de mysql para o leantime] ******************************************************************
changed: [ubuntu-20.04]

TASK [leantime_ansible : Cria o utilizador para a base de dados leantime] ****************************************************************
[WARNING]: Module did not set no_log for update_password
changed: [ubuntu-20.04]

PLAY RECAP *******************************************************************************************************************************
ubuntu-20.04               : ok=10   changed=3    unreachable=0    failed=0    skipped=0    rescued=0    ignored=0


admlocal@devOps:~/leantime_ansible$ molecule idempotence
INFO     default scenario test matrix: idempotence
INFO     Performing prerun...
INFO     Using .cache/roles/nunomourinho.leantime_ansible symlink to current repository in order to enable Ansible to find the role using its expected full name.
INFO     Added ANSIBLE_ROLES_PATH=~/.ansible/roles:/usr/share/ansible/roles:/etc/ansible/roles:./.cache/roles
INFO     Running default > idempotence

PLAY [Converge] **************************************************************************************************************************

TASK [Gathering Facts] *******************************************************************************************************************
ok: [ubuntu-20.04]

TASK [Include leantime_ansible] **********************************************************************************************************

TASK [leantime_ansible : Atualiza a cache (equivalente a apt update)] ********************************************************************
ok: [ubuntu-20.04]

TASK [leantime_ansible : Atualiza o sistema operativo] ***********************************************************************************
ok: [ubuntu-20.04]

TASK [leantime_ansible : Instalar as dependencias necessária ao programa leantime] *******************************************************
ok: [ubuntu-20.04]

TASK [leantime_ansible : Instala o serviço apache2 no arranque do sistema] ***************************************************************
ok: [ubuntu-20.04]

TASK [leantime_ansible : Rotina Auxiliar: Procura o caminho do ficheiro php.ini do servidor apache2] *************************************
ok: [ubuntu-20.04]

TASK [leantime_ansible : Ativa várias opções no ficheiro php.ini, utilizando o módulo lineinfile.] ***************************************
ok: [ubuntu-20.04] => (item={'regexp': '^file_uploads', 'line': 'file_uploads = 1'})
ok: [ubuntu-20.04] => (item={'regexp': '^upload_max_filesize', 'line': 'upload_max_filesize = 1G'})
ok: [ubuntu-20.04] => (item={'regexp': '^max_file_uploads', 'line': 'max_file_uploads = 20'})
ok: [ubuntu-20.04] => (item={'regexp': '^post_max_size', 'line': 'post_max_size = 2G'})
ok: [ubuntu-20.04] => (item={'regexp': '^memory_limit', 'line': 'memory_limit = 2G'})
ok: [ubuntu-20.04] => (item={'regexp': '^max_input_time', 'line': 'max_input_time = 3600'})

TASK [leantime_ansible : Cria a directoria temporária leantime e a directoria de apache leantime] ****************************************
ok: [ubuntu-20.04] => (item={'path': '/tmp/leantime'})
ok: [ubuntu-20.04] => (item={'path': '/var/www/leantime'})

TASK [leantime_ansible : Cria a base de dados de mysql para o leantime] ******************************************************************
ok: [ubuntu-20.04]

TASK [leantime_ansible : Cria o utilizador para a base de dados leantime] ****************************************************************
[WARNING]: Module did not set no_log for update_password
changed: [ubuntu-20.04]

PLAY RECAP *******************************************************************************************************************************
ubuntu-20.04               : ok=10   changed=1    unreachable=0    failed=0    skipped=0    rescued=0    ignored=0


CRITICAL Idempotence test failed because of the following tasks:
*  => leantime_ansible : Cria o utilizador para a base de dados leantime
admlocal@devOps:~/leantime_ansible$ molecule verify
INFO     default scenario test matrix: verify
INFO     Performing prerun...
INFO     Using .cache/roles/nunomourinho.leantime_ansible symlink to current repository in order to enable Ansible to find the role using its expected full name.
INFO     Added ANSIBLE_ROLES_PATH=~/.ansible/roles:/usr/share/ansible/roles:/etc/ansible/roles:./.cache/roles
INFO     Running default > verify
INFO     Running Ansible Verifier

PLAY [Infraestrutura conduzida por testes] ***********************************************************************************************

TASK [Simulação: Atualizar a cache do sistema] *******************************************************************************************
ok: [ubuntu-20.04]

TASK [teste: a cache encontra-se actualizada?] *******************************************************************************************
ok: [ubuntu-20.04] => {
    "changed": false,
    "msg": "SUCESSO: A cache está atualizada"
}

TASK [Atualizar o sistema operativo (equivalente a apt upgrade)] *************************************************************************
ok: [ubuntu-20.04]

TASK [teste: o sistema operativo encontra-se atualizado?] ********************************************************************************
ok: [ubuntu-20.04] => {
    "changed": false,
    "msg": "SUCESSO: O sistema operativo está atualizado"
}

TASK [Teste: a cache encontra-se atualizada?] ********************************************************************************************
ok: [ubuntu-20.04] => {
    "changed": false,
    "msg": "SUCESSO: A cache está atualizada"
}

TASK [Simulação: testa se as aplicações dependencia do software leantime se encontram instaladas] ****************************************
ok: [ubuntu-20.04]

TASK [Teste: as dependencias encontra-se instaladas?] ************************************************************************************
ok: [ubuntu-20.04] => {
    "changed": false,
    "msg": "SUCESSO: As dependencias estavam instaladas"
}

TASK [Simulação: Testar se o serviço apache2 se encontra instalado, iniciado e ativo no arranque] ****************************************
ok: [ubuntu-20.04]

TASK [Teste: O serviço apache2 encontra-se ativo no arranque no sistema, e está iniciado?] ***********************************************
ok: [ubuntu-20.04] => {
    "changed": false,
    "msg": "SUCESSO: O serviço apache2 está correctamente instalado e inicia com o arranque do sistema"
}

TASK [Rotina Auxiliar> Procura o caminho do ficheiro php.ini do servidor apache2] ********************************************************
ok: [ubuntu-20.04]

TASK [Simulação: Ativa a opção file_uploads no ficheiro php.ini, utilizando o módulo lineinfile.] ****************************************
ok: [ubuntu-20.04] => (item={'regexp': '^file_uploads', 'line': 'file_uploads = 1'})
ok: [ubuntu-20.04] => (item={'regexp': '^upload_max_filesize', 'line': 'upload_max_filesize = 1G'})
ok: [ubuntu-20.04] => (item={'regexp': '^max_file_uploads', 'line': 'max_file_uploads = 20'})
ok: [ubuntu-20.04] => (item={'regexp': '^post_max_size', 'line': 'post_max_size = 2G'})
ok: [ubuntu-20.04] => (item={'regexp': '^memory_limit', 'line': 'memory_limit = 2G'})
ok: [ubuntu-20.04] => (item={'regexp': '^max_input_time', 'line': 'max_input_time = 3600'})

TASK [Teste: As linhas do php.ini encontram-se alteradas ?] ******************************************************************************
ok: [ubuntu-20.04] => {
    "changed": false,
    "msg": "SUCESSO: O ficheiro php.ini foi alterado com sucesso"
}

TASK [Simulação: Obtem informação sobre a pastas /var/www/leantime] **********************************************************************
ok: [ubuntu-20.04]

TASK [Teste: A pasta /var/www/leantime existe e tem as permissões certas?] ***************************************************************
ok: [ubuntu-20.04] => {
    "changed": false,
    "msg": "SUCESSO: Permissões correctas no site leantime"
}

TASK [Simulação: Verifica se é necessário criar a base de dados leantime_database] *******************************************************
ok: [ubuntu-20.04]

TASK [Teste: A base de dados leantime_database existe ?] *********************************************************************************
ok: [ubuntu-20.04] => {
    "changed": false,
    "msg": "SUCESSO: A base de dados leantime_database já se encontra criada"
}

PLAY RECAP *******************************************************************************************************************************
ubuntu-20.04               : ok=16   changed=0    unreachable=0    failed=0    skipped=0    rescued=0    ignored=0

INFO     Verifier completed successfully.
admlocal@devOps:~/leantime_ansible$ molecule verifyidempotence
INFO     default scenario test matrix: idempotence
INFO     Performing prerun...
INFO     Using .cache/roles/nunomourinho.leantime_ansible symlink to current repository in order to enable Ansible to find the role using its expected full name.
INFO     Added ANSIBLE_ROLES_PATH=~/.ansible/roles:/usr/share/ansible/roles:/etc/ansible/roles:./.cache/roles
INFO     Running default > idempotence

PLAY [Converge] **************************************************************************************************************************

TASK [Gathering Facts] *******************************************************************************************************************
ok: [ubuntu-20.04]

TASK [Include leantime_ansible] **********************************************************************************************************

TASK [leantime_ansible : Atualiza a cache (equivalente a apt update)] ********************************************************************
ok: [ubuntu-20.04]

TASK [leantime_ansible : Atualiza o sistema operativo] ***********************************************************************************
ok: [ubuntu-20.04]

TASK [leantime_ansible : Instalar as dependencias necessária ao programa leantime] *******************************************************
ok: [ubuntu-20.04]

TASK [leantime_ansible : Instala o serviço apache2 no arranque do sistema] ***************************************************************
ok: [ubuntu-20.04]

TASK [leantime_ansible : Rotina Auxiliar: Procura o caminho do ficheiro php.ini do servidor apache2] *************************************
ok: [ubuntu-20.04]

TASK [leantime_ansible : Ativa várias opções no ficheiro php.ini, utilizando o módulo lineinfile.] ***************************************
ok: [ubuntu-20.04] => (item={'regexp': '^file_uploads', 'line': 'file_uploads = 1'})
ok: [ubuntu-20.04] => (item={'regexp': '^upload_max_filesize', 'line': 'upload_max_filesize = 1G'})
ok: [ubuntu-20.04] => (item={'regexp': '^max_file_uploads', 'line': 'max_file_uploads = 20'})
ok: [ubuntu-20.04] => (item={'regexp': '^post_max_size', 'line': 'post_max_size = 2G'})
ok: [ubuntu-20.04] => (item={'regexp': '^memory_limit', 'line': 'memory_limit = 2G'})
ok: [ubuntu-20.04] => (item={'regexp': '^max_input_time', 'line': 'max_input_time = 3600'})

TASK [leantime_ansible : Cria a directoria temporária leantime e a directoria de apache leantime] ****************************************
ok: [ubuntu-20.04] => (item={'path': '/tmp/leantime'})
ok: [ubuntu-20.04] => (item={'path': '/var/www/leantime'})

TASK [leantime_ansible : Cria a base de dados de mysql para o leantime] ******************************************************************
ok: [ubuntu-20.04]

TASK [leantime_ansible : Cria o utilizador para a base de dados leantime] ****************************************************************
[WARNING]: Module did not set no_log for update_password
ok: [ubuntu-20.04]

PLAY RECAP *******************************************************************************************************************************
ubuntu-20.04               : ok=10   changed=0    unreachable=0    failed=0    skipped=0    rescued=0    ignored=0


INFO     Idempotence completed successfully.
admlocal@devOps:~/leantime_ansible$ exit
exit
Há tarefas interrompidas.
admlocal@devOps:~/leantime_ansible$ exit
exit
Recebido SIGHUP ou SIGTERM
